npm : npm WARN EBADENGINE Unsupported engine {
At line:1 char:1
+ npm install --save-dev "@vitejs/plugin-vue" vite-plugin-pwa --no-audi ...
+ ~~~~~~~~~~~~~~~~~~~~~~~~~~~~~~~~~~~~~~~~~~~~~~~~~~~~~~~~~~~~~~~~~~~~~
    + CategoryInfo          : NotSpecified: (npm WARN EBADENGINE Unsupported e 
   ngine {:String) [], RemoteException
    + FullyQualifiedErrorId : NativeCommandError
 
npm WARN EBADENGINE   package: 'laravel-vite-plugin@2.1.0',
npm WARN EBADENGINE   required: { node: '^20.19.0 || >=22.12.0' },
npm WARN EBADENGINE   current: { node: 'v18.16.0', npm: '9.5.1' }
npm WARN EBADENGINE }
npm WARN EBADENGINE Unsupported engine {
npm WARN EBADENGINE   package: 'vite@7.3.2',
npm WARN EBADENGINE   required: { node: '^20.19.0 || >=22.12.0' },
npm WARN EBADENGINE   current: { node: 'v18.16.0', npm: '9.5.1' }
npm WARN EBADENGINE }
npm WARN EBADENGINE Unsupported engine {
npm WARN EBADENGINE   package: '@vitejs/plugin-vue@6.0.6',
npm WARN EBADENGINE   required: { node: '^20.19.0 || >=22.12.0' },
npm WARN EBADENGINE   current: { node: 'v18.16.0', npm: '9.5.1' }
npm WARN EBADENGINE }
npm WARN EBADENGINE Unsupported engine {
npm WARN EBADENGINE   package: 'workbox-build@7.4.0',
npm WARN EBADENGINE   required: { node: '>=20.0.0' },
npm WARN EBADENGINE   current: { node: 'v18.16.0', npm: '9.5.1' }
npm WARN EBADENGINE }
npm WARN EBADENGINE Unsupported engine {
npm WARN EBADENGINE   package: 'glob@11.1.0',
npm WARN EBADENGINE   required: { node: '20 || >=22' },
npm WARN EBADENGINE   current: { node: 'v18.16.0', npm: '9.5.1' }
npm WARN EBADENGINE }
npm WARN EBADENGINE Unsupported engine {
npm WARN EBADENGINE   package: 'smob@1.6.1',
npm WARN EBADENGINE   required: { node: '>=20.0.0' },
npm WARN EBADENGINE   current: { node: 'v18.16.0', npm: '9.5.1' }
npm WARN EBADENGINE }
npm WARN EBADENGINE Unsupported engine {
npm WARN EBADENGINE   package: 'jackspeak@4.2.3',
npm WARN EBADENGINE   required: { node: '20 || >=22' },
npm WARN EBADENGINE   current: { node: 'v18.16.0', npm: '9.5.1' }
npm WARN EBADENGINE }
npm WARN EBADENGINE Unsupported engine {
npm WARN EBADENGINE   package: 'lru-cache@11.3.5',
npm WARN EBADENGINE   required: { node: '20 || >=22' },
npm WARN EBADENGINE   current: { node: 'v18.16.0', npm: '9.5.1' }
npm WARN EBADENGINE }
npm WARN deprecated sourcemap-codec@1.4.8: Please use 
@jridgewell/sourcemap-codec instead
npm WARN deprecated source-map@0.8.0-beta.0: The work that was done in this 
beta branch won't be included in future versions
npm WARN deprecated glob@11.1.0: Old versions of glob are not supported, and 
contain widely publicized security vulnerabilities, which have been fixed in 
the current version. Please update. Support for old versions may be purchased 
(at exorbitant rates) by contacting i@izs.me

added 44 packages, and changed 266 packages in 1m
