﻿﻿﻿﻿﻿﻿﻿﻿﻿﻿﻿﻿﻿﻿﻿﻿
   FAIL  Tests\Feature\VisitPreviewTest
  ⨯ authorized user can open visit preview                              17.43s  
  ✓ unauthorized user cannot open visit preview                          0.66s  
  ✓ guest cannot open visit preview                                      0.38s  
  ⨯ visit preview page loads for opd visit                               4.33s  
  ⨯ visit preview page loads for emergency visit                         7.10s  
  ⨯ visit preview page shows chief complaint                            13.71s  
  ✓ nonexistent visit returns 404                                        1.33s  
  ✓ timeline includes visit registered entry                             0.75s  
  ⨯ timeline includes triage when triage exists                          0.56s  
  ✓ timeline includes consultation when medical record exists            1.01s  
  ✓ timeline includes diagnosis entries                                  0.99s  
  ✓ timeline includes prescription entries                               0.98s  
  ⨯ timeline is sorted chronologically                                   0.49s  
  ✓ missing optional relationships do not crash preview                  0.68s  
  ✓ summary shows correct chief complaint                                0.51s  
  ✓ summary counts prescriptions correctly                               1.83s  
  ────────────────────────────────────────────────────────────────────────────  
   FAILED  Tests\Feature\VisitPreviewTest > authorized user can open visit p…   
  Expected response status code [200] but received 500.
Failed asserting that 500 is identical to 200.

The following exception occurred during the last request:

ErrorException: Undefined variable $preview in C:\xampp\htdocs\laravel\laravel\storage\framework\views\8af33dbefa0023ba105633b3c90f5df5.php:80
Stack trace:
#0 C:\xampp\htdocs\laravel\laravel\vendor\laravel\framework\src\Illuminate\Foundation\Bootstrap\HandleExceptions.php(258): Illuminate\Foundation\Bootstrap\HandleExceptions->handleError(2, 'Undefined varia...', 'C:\\xampp\\htdocs...', 80)
#1 C:\xampp\htdocs\laravel\laravel\storage\framework\views\8af33dbefa0023ba105633b3c90f5df5.php(80): Illuminate\Foundation\Bootstrap\HandleExceptions->Illuminate\Foundation\Bootstrap\{closure}(2, 'Undefined varia...', 'C:\\xampp\\htdocs...', 80)
#2 C:\xampp\htdocs\laravel\laravel\vendor\laravel\framework\src\Illuminate\Filesystem\Filesystem.php(123): require('C:\\xampp\\htdocs...')
#3 C:\xampp\htdocs\laravel\laravel\vendor\laravel\framework\src\Illuminate\Filesystem\Filesystem.php(124): Illuminate\Filesystem\Filesystem::Illuminate\Filesystem\{closure}()
#4 C:\xampp\htdocs\laravel\laravel\vendor\laravel\framework\src\Illuminate\View\Engines\PhpEngine.php(57): Illuminate\Filesystem\Filesystem->getRequire('C:\\xampp\\htdocs...', Array)
#5 C:\xampp\htdocs\laravel\laravel\vendor\laravel\framework\src\Illuminate\View\Engines\CompilerEngine.php(76): Illuminate\View\Engines\PhpEngine->evaluatePath('C:\\xampp\\htdocs...', Array)
#6 C:\xampp\htdocs\laravel\laravel\vendor\laravel\framework\src\Illuminate\View\View.php(208): Illuminate\View\Engines\CompilerEngine->get('C:\\xampp\\htdocs...', Array)
#7 C:\xampp\htdocs\laravel\laravel\vendor\laravel\framework\src\Illuminate\View\View.php(191): Illuminate\View\View->getContents()
#8 C:\xampp\htdocs\laravel\laravel\vendor\laravel\framework\src\Illuminate\View\View.php(160): Illuminate\View\View->renderContents()
#9 C:\xampp\htdocs\laravel\laravel\vendor\laravel\framework\src\Illuminate\Http\Response.php(78): Illuminate\View\View->render()
#10 C:\xampp\htdocs\laravel\laravel\vendor\laravel\framework\src\Illuminate\Http\Response.php(34): Illuminate\Http\Response->setContent(Object(Illuminate\View\View))
#11 C:\xampp\htdocs\laravel\laravel\vendor\laravel\framework\src\Illuminate\Routing\Router.php(939): Illuminate\Http\Response->__construct(Object(Illuminate\View\View), 200, Array)
#12 C:\xampp\htdocs\laravel\laravel\vendor\laravel\framework\src\Illuminate\Routing\Router.php(906): Illuminate\Routing\Router::toResponse(Object(Illuminate\Http\Request), Object(Illuminate\View\View))
#13 C:\xampp\htdocs\laravel\laravel\vendor\laravel\framework\src\Illuminate\Routing\Router.php(821): Illuminate\Routing\Router->prepareResponse(Object(Illuminate\Http\Request), Object(Illuminate\View\View))
#14 C:\xampp\htdocs\laravel\laravel\vendor\laravel\framework\src\Illuminate\Pipeline\Pipeline.php(180): Illuminate\Routing\Router->Illuminate\Routing\{closure}(Object(Illuminate\Http\Request))
#15 C:\xampp\htdocs\laravel\laravel\vendor\laravel\framework\src\Illuminate\Auth\Middleware\Authorize.php(59): Illuminate\Pipeline\Pipeline->Illuminate\Pipeline\{closure}(Object(Illuminate\Http\Request))
#16 C:\xampp\htdocs\laravel\laravel\vendor\laravel\framework\src\Illuminate\Pipeline\Pipeline.php(219): Illuminate\Auth\Middleware\Authorize->handle(Object(Illuminate\Http\Request), Object(Closure), 'visits.preview')
#17 C:\xampp\htdocs\laravel\laravel\vendor\laravel\framework\src\Illuminate\Auth\Middleware\Authorize.php(59): Illuminate\Pipeline\Pipeline->Illuminate\Pipeline\{closure}(Object(Illuminate\Http\Request))
#18 C:\xampp\htdocs\laravel\laravel\vendor\laravel\framework\src\Illuminate\Pipeline\Pipeline.php(219): Illuminate\Auth\Middleware\Authorize->handle(Object(Illuminate\Http\Request), Object(Closure), 'visits.view')
#19 C:\xampp\htdocs\laravel\laravel\app\Http\Middleware\ConvertBladeViewsToInertia.php(14): Illuminate\Pipeline\Pipeline->Illuminate\Pipeline\{closure}(Object(Illuminate\Http\Request))
#20 C:\xampp\htdocs\laravel\laravel\vendor\laravel\framework\src\Illuminate\Pipeline\Pipeline.php(219): App\Http\Middleware\ConvertBladeViewsToInertia->handle(Object(Illuminate\Http\Request), Object(Closure))
#21 C:\xampp\htdocs\laravel\laravel\vendor\inertiajs\inertia-laravel\src\Middleware.php(138): Illuminate\Pipeline\Pipeline->Illuminate\Pipeline\{closure}(Object(Illuminate\Http\Request))
#22 C:\xampp\htdocs\laravel\laravel\vendor\laravel\framework\src\Illuminate\Pipeline\Pipeline.php(219): Inertia\Middleware->handle(Object(Illuminate\Http\Request), Object(Closure))
#23 C:\xampp\htdocs\laravel\laravel\vendor\laravel\framework\src\Illuminate\Routing\Middleware\SubstituteBindings.php(50): Illuminate\Pipeline\Pipeline->Illuminate\Pipeline\{closure}(Object(Illuminate\Http\Request))
#24 C:\xampp\htdocs\laravel\laravel\vendor\laravel\framework\src\Illuminate\Pipeline\Pipeline.php(219): Illuminate\Routing\Middleware\SubstituteBindings->handle(Object(Illuminate\Http\Request), Object(Closure))
#25 C:\xampp\htdocs\laravel\laravel\vendor\laravel\framework\src\Illuminate\Auth\Middleware\Authenticate.php(63): Illuminate\Pipeline\Pipeline->Illuminate\Pipeline\{closure}(Object(Illuminate\Http\Request))
#26 C:\xampp\htdocs\laravel\laravel\vendor\laravel\framework\src\Illuminate\Pipeline\Pipeline.php(219): Illuminate\Auth\Middleware\Authenticate->handle(Object(Illuminate\Http\Request), Object(Closure))
#27 C:\xampp\htdocs\laravel\laravel\vendor\laravel\framework\src\Illuminate\Foundation\Http\Middleware\VerifyCsrfToken.php(87): Illuminate\Pipeline\Pipeline->Illuminate\Pipeline\{closure}(Object(Illuminate\Http\Request))
#28 C:\xampp\htdocs\laravel\laravel\vendor\laravel\framework\src\Illuminate\Pipeline\Pipeline.php(219): Illuminate\Foundation\Http\Middleware\VerifyCsrfToken->handle(Object(Illuminate\Http\Request), Object(Closure))
#29 C:\xampp\htdocs\laravel\laravel\vendor\laravel\framework\src\Illuminate\View\Middleware\ShareErrorsFromSession.php(48): Illuminate\Pipeline\Pipeline->Illuminate\Pipeline\{closure}(Object(Illuminate\Http\Request))
#30 C:\xampp\htdocs\laravel\laravel\vendor\laravel\framework\src\Illuminate\Pipeline\Pipeline.php(219): Illuminate\View\Middleware\ShareErrorsFromSession->handle(Object(Illuminate\Http\Request), Object(Closure))
#31 C:\xampp\htdocs\laravel\laravel\vendor\laravel\framework\src\Illuminate\Session\Middleware\StartSession.php(120): Illuminate\Pipeline\Pipeline->Illuminate\Pipeline\{closure}(Object(Illuminate\Http\Request))
#32 C:\xampp\htdocs\laravel\laravel\vendor\laravel\framework\src\Illuminate\Session\Middleware\StartSession.php(63): Illuminate\Session\Middleware\StartSession->handleStatefulRequest(Object(Illuminate\Http\Request), Object(Illuminate\Session\Store), Object(Closure))
#33 C:\xampp\htdocs\laravel\laravel\vendor\laravel\framework\src\Illuminate\Pipeline\Pipeline.php(219): Illuminate\Session\Middleware\StartSession->handle(Object(Illuminate\Http\Request), Object(Closure))
#34 C:\xampp\htdocs\laravel\laravel\vendor\laravel\framework\src\Illuminate\Cookie\Middleware\AddQueuedCookiesToResponse.php(36): Illuminate\Pipeline\Pipeline->Illuminate\Pipeline\{closure}(Object(Illuminate\Http\Request))
#35 C:\xampp\htdocs\laravel\laravel\vendor\laravel\framework\src\Illuminate\Pipeline\Pipeline.php(219): Illuminate\Cookie\Middleware\AddQueuedCookiesToResponse->handle(Object(Illuminate\Http\Request), Object(Closure))
#36 C:\xampp\htdocs\laravel\laravel\vendor\laravel\framework\src\Illuminate\Cookie\Middleware\EncryptCookies.php(74): Illuminate\Pipeline\Pipeline->Illuminate\Pipeline\{closure}(Object(Illuminate\Http\Request))
#37 C:\xampp\htdocs\laravel\laravel\vendor\laravel\framework\src\Illuminate\Pipeline\Pipeline.php(219): Illuminate\Cookie\Middleware\EncryptCookies->handle(Object(Illuminate\Http\Request), Object(Closure))
#38 C:\xampp\htdocs\laravel\laravel\vendor\laravel\framework\src\Illuminate\Pipeline\Pipeline.php(137): Illuminate\Pipeline\Pipeline->Illuminate\Pipeline\{closure}(Object(Illuminate\Http\Request))
#39 C:\xampp\htdocs\laravel\laravel\vendor\laravel\framework\src\Illuminate\Routing\Router.php(821): Illuminate\Pipeline\Pipeline->then(Object(Closure))
#40 C:\xampp\htdocs\laravel\laravel\vendor\laravel\framework\src\Illuminate\Routing\Router.php(800): Illuminate\Routing\Router->runRouteWithinStack(Object(Illuminate\Routing\Route), Object(Illuminate\Http\Request))
#41 C:\xampp\htdocs\laravel\laravel\vendor\laravel\framework\src\Illuminate\Routing\Router.php(764): Illuminate\Routing\Router->runRoute(Object(Illuminate\Http\Request), Object(Illuminate\Routing\Route))
#42 C:\xampp\htdocs\laravel\laravel\vendor\laravel\framework\src\Illuminate\Routing\Router.php(753): Illuminate\Routing\Router->dispatchToRoute(Object(Illuminate\Http\Request))
#43 C:\xampp\htdocs\laravel\laravel\vendor\laravel\framework\src\Illuminate\Foundation\Http\Kernel.php(200): Illuminate\Routing\Router->dispatch(Object(Illuminate\Http\Request))
#44 C:\xampp\htdocs\laravel\laravel\vendor\laravel\framework\src\Illuminate\Pipeline\Pipeline.php(180): Illuminate\Foundation\Http\Kernel->Illuminate\Foundation\Http\{closure}(Object(Illuminate\Http\Request))
#45 C:\xampp\htdocs\laravel\laravel\vendor\inertiajs\inertia-laravel\src\Middleware\EnsureGetOnRedirect.php(19): Illuminate\Pipeline\Pipeline->Illuminate\Pipeline\{closure}(Object(Illuminate\Http\Request))
#46 C:\xampp\htdocs\laravel\laravel\vendor\laravel\framework\src\Illuminate\Pipeline\Pipeline.php(219): Inertia\Middleware\EnsureGetOnRedirect->handle(Object(Illuminate\Http\Request), Object(Closure))
#47 C:\xampp\htdocs\laravel\laravel\app\Http\Middleware\SecurityHeaders.php(13): Illuminate\Pipeline\Pipeline->Illuminate\Pipeline\{closure}(Object(Illuminate\Http\Request))
#48 C:\xampp\htdocs\laravel\laravel\vendor\laravel\framework\src\Illuminate\Pipeline\Pipeline.php(219): App\Http\Middleware\SecurityHeaders->handle(Object(Illuminate\Http\Request), Object(Closure))
#49 C:\xampp\htdocs\laravel\laravel\vendor\laravel\framework\src\Illuminate\Foundation\Http\Middleware\TransformsRequest.php(21): Illuminate\Pipeline\Pipeline->Illuminate\Pipeline\{closure}(Object(Illuminate\Http\Request))
#50 C:\xampp\htdocs\laravel\laravel\vendor\laravel\framework\src\Illuminate\Foundation\Http\Middleware\ConvertEmptyStringsToNull.php(31): Illuminate\Foundation\Http\Middleware\TransformsRequest->handle(Object(Illuminate\Http\Request), Object(Closure))
#51 C:\xampp\htdocs\laravel\laravel\vendor\laravel\framework\src\Illuminate\Pipeline\Pipeline.php(219): Illuminate\Foundation\Http\Middleware\ConvertEmptyStringsToNull->handle(Object(Illuminate\Http\Request), Object(Closure))
#52 C:\xampp\htdocs\laravel\laravel\vendor\laravel\framework\src\Illuminate\Foundation\Http\Middleware\TransformsRequest.php(21): Illuminate\Pipeline\Pipeline->Illuminate\Pipeline\{closure}(Object(Illuminate\Http\Request))
#53 C:\xampp\htdocs\laravel\laravel\vendor\laravel\framework\src\Illuminate\Foundation\Http\Middleware\TrimStrings.php(51): Illuminate\Foundation\Http\Middleware\TransformsRequest->handle(Object(Illuminate\Http\Request), Object(Closure))
#54 C:\xampp\htdocs\laravel\laravel\vendor\laravel\framework\src\Illuminate\Pipeline\Pipeline.php(219): Illuminate\Foundation\Http\Middleware\TrimStrings->handle(Object(Illuminate\Http\Request), Object(Closure))
#55 C:\xampp\htdocs\laravel\laravel\vendor\laravel\framework\src\Illuminate\Http\Middleware\ValidatePostSize.php(27): Illuminate\Pipeline\Pipeline->Illuminate\Pipeline\{closure}(Object(Illuminate\Http\Request))
#56 C:\xampp\htdocs\laravel\laravel\vendor\laravel\framework\src\Illuminate\Pipeline\Pipeline.php(219): Illuminate\Http\Middleware\ValidatePostSize->handle(Object(Illuminate\Http\Request), Object(Closure))
#57 C:\xampp\htdocs\laravel\laravel\vendor\laravel\framework\src\Illuminate\Foundation\Http\Middleware\PreventRequestsDuringMaintenance.php(109): Illuminate\Pipeline\Pipeline->Illuminate\Pipeline\{closure}(Object(Illuminate\Http\Request))
#58 C:\xampp\htdocs\laravel\laravel\vendor\laravel\framework\src\Illuminate\Pipeline\Pipeline.php(219): Illuminate\Foundation\Http\Middleware\PreventRequestsDuringMaintenance->handle(Object(Illuminate\Http\Request), Object(Closure))
#59 C:\xampp\htdocs\laravel\laravel\vendor\laravel\framework\src\Illuminate\Http\Middleware\HandleCors.php(61): Illuminate\Pipeline\Pipeline->Illuminate\Pipeline\{closure}(Object(Illuminate\Http\Request))
#60 C:\xampp\htdocs\laravel\laravel\vendor\laravel\framework\src\Illuminate\Pipeline\Pipeline.php(219): Illuminate\Http\Middleware\HandleCors->handle(Object(Illuminate\Http\Request), Object(Closure))
#61 C:\xampp\htdocs\laravel\laravel\vendor\laravel\framework\src\Illuminate\Http\Middleware\TrustProxies.php(58): Illuminate\Pipeline\Pipeline->Illuminate\Pipeline\{closure}(Object(Illuminate\Http\Request))
#62 C:\xampp\htdocs\laravel\laravel\vendor\laravel\framework\src\Illuminate\Pipeline\Pipeline.php(219): Illuminate\Http\Middleware\TrustProxies->handle(Object(Illuminate\Http\Request), Object(Closure))
#63 C:\xampp\htdocs\laravel\laravel\vendor\laravel\framework\src\Illuminate\Foundation\Http\Middleware\InvokeDeferredCallbacks.php(22): Illuminate\Pipeline\Pipeline->Illuminate\Pipeline\{closure}(Object(Illuminate\Http\Request))
#64 C:\xampp\htdocs\laravel\laravel\vendor\laravel\framework\src\Illuminate\Pipeline\Pipeline.php(219): Illuminate\Foundation\Http\Middleware\InvokeDeferredCallbacks->handle(Object(Illuminate\Http\Request), Object(Closure))
#65 C:\xampp\htdocs\laravel\laravel\vendor\laravel\framework\src\Illuminate\Http\Middleware\ValidatePathEncoding.php(26): Illuminate\Pipeline\Pipeline->Illuminate\Pipeline\{closure}(Object(Illuminate\Http\Request))
#66 C:\xampp\htdocs\laravel\laravel\vendor\laravel\framework\src\Illuminate\Pipeline\Pipeline.php(219): Illuminate\Http\Middleware\ValidatePathEncoding->handle(Object(Illuminate\Http\Request), Object(Closure))
#67 C:\xampp\htdocs\laravel\laravel\vendor\laravel\framework\src\Illuminate\Pipeline\Pipeline.php(137): Illuminate\Pipeline\Pipeline->Illuminate\Pipeline\{closure}(Object(Illuminate\Http\Request))
#68 C:\xampp\htdocs\laravel\laravel\vendor\laravel\framework\src\Illuminate\Foundation\Http\Kernel.php(175): Illuminate\Pipeline\Pipeline->then(Object(Closure))
#69 C:\xampp\htdocs\laravel\laravel\vendor\laravel\framework\src\Illuminate\Foundation\Http\Kernel.php(144): Illuminate\Foundation\Http\Kernel->sendRequestThroughRouter(Object(Illuminate\Http\Request))
#70 C:\xampp\htdocs\laravel\laravel\vendor\laravel\framework\src\Illuminate\Foundation\Testing\Concerns\MakesHttpRequests.php(607): Illuminate\Foundation\Http\Kernel->handle(Object(Illuminate\Http\Request))
#71 C:\xampp\htdocs\laravel\laravel\vendor\laravel\framework\src\Illuminate\Foundation\Testing\Concerns\MakesHttpRequests.php(368): Illuminate\Foundation\Testing\TestCase->call('GET', 'http://localhos...', Array, Array, Array, Array)
#72 C:\xampp\htdocs\laravel\laravel\tests\Feature\VisitPreviewTest.php(56): Illuminate\Foundation\Testing\TestCase->get('http://localhos...')
#73 C:\xampp\htdocs\laravel\laravel\vendor\phpunit\phpunit\src\Framework\TestCase.php(1667): Tests\Feature\VisitPreviewTest->test_authorized_user_can_open_visit_preview()
#74 C:\xampp\htdocs\laravel\laravel\vendor\phpunit\phpunit\src\Framework\TestCase.php(519): PHPUnit\Framework\TestCase->runTest()
#75 C:\xampp\htdocs\laravel\laravel\vendor\phpunit\phpunit\src\Framework\TestRunner\TestRunner.php(87): PHPUnit\Framework\TestCase->runBare()
#76 C:\xampp\htdocs\laravel\laravel\vendor\phpunit\phpunit\src\Framework\TestCase.php(365): PHPUnit\Framework\TestRunner->run(Object(Tests\Feature\VisitPreviewTest))
#77 C:\xampp\htdocs\laravel\laravel\vendor\phpunit\phpunit\src\Framework\TestSuite.php(369): PHPUnit\Framework\TestCase->run()
#78 C:\xampp\htdocs\laravel\laravel\vendor\phpunit\phpunit\src\Framework\TestSuite.php(369): PHPUnit\Framework\TestSuite->run()
#79 C:\xampp\htdocs\laravel\laravel\vendor\phpunit\phpunit\src\Framework\TestSuite.php(369): PHPUnit\Framework\TestSuite->run()
#80 C:\xampp\htdocs\laravel\laravel\vendor\phpunit\phpunit\src\TextUI\TestRunner.php(64): PHPUnit\Framework\TestSuite->run()
#81 C:\xampp\htdocs\laravel\laravel\vendor\phpunit\phpunit\src\TextUI\Application.php(211): PHPUnit\TextUI\TestRunner->run(Object(PHPUnit\TextUI\Configuration\Configuration), Object(PHPUnit\Runner\ResultCache\DefaultResultCache), Object(PHPUnit\Framework\TestSuite))
#82 C:\xampp\htdocs\laravel\laravel\vendor\phpunit\phpunit\phpunit(104): PHPUnit\TextUI\Application->run(Array)
#83 {main}

Next Illuminate\View\ViewException: Undefined variable $preview (View: C:\xampp\htdocs\laravel\laravel\resources\views\visits\preview.blade.php) in C:\xampp\htdocs\laravel\laravel\storage\framework\views\8af33dbefa0023ba105633b3c90f5df5.php:80
Stack trace:
#0 C:\xampp\htdocs\laravel\laravel\vendor\laravel\framework\src\Illuminate\View\Engines\PhpEngine.php(59): Illuminate\View\Engines\CompilerEngine->handleViewException(Object(ErrorException), 1)
#1 C:\xampp\htdocs\laravel\laravel\vendor\laravel\framework\src\Illuminate\View\Engines\CompilerEngine.php(76): Illuminate\View\Engines\PhpEngine->evaluatePath('C:\\xampp\\htdocs...', Array)
#2 C:\xampp\htdocs\laravel\laravel\vendor\laravel\framework\src\Illuminate\View\View.php(208): Illuminate\View\Engines\CompilerEngine->get('C:\\xampp\\htdocs...', Array)
#3 C:\xampp\htdocs\laravel\laravel\vendor\laravel\framework\src\Illuminate\View\View.php(191): Illuminate\View\View->getContents()
#4 C:\xampp\htdocs\laravel\laravel\vendor\laravel\framework\src\Illuminate\View\View.php(160): Illuminate\View\View->renderContents()
#5 C:\xampp\htdocs\laravel\laravel\vendor\laravel\framework\src\Illuminate\Http\Response.php(78): Illuminate\View\View->render()
#6 C:\xampp\htdocs\laravel\laravel\vendor\laravel\framework\src\Illuminate\Http\Response.php(34): Illuminate\Http\Response->setContent(Object(Illuminate\View\View))
#7 C:\xampp\htdocs\laravel\laravel\vendor\laravel\framework\src\Illuminate\Routing\Router.php(939): Illuminate\Http\Response->__construct(Object(Illuminate\View\View), 200, Array)
#8 C:\xampp\htdocs\laravel\laravel\vendor\laravel\framework\src\Illuminate\Routing\Router.php(906): Illuminate\Routing\Router::toResponse(Object(Illuminate\Http\Request), Object(Illuminate\View\View))
#9 C:\xampp\htdocs\laravel\laravel\vendor\laravel\framework\src\Illuminate\Routing\Router.php(821): Illuminate\Routing\Router->prepareResponse(Object(Illuminate\Http\Request), Object(Illuminate\View\View))
#10 C:\xampp\htdocs\laravel\laravel\vendor\laravel\framework\src\Illuminate\Pipeline\Pipeline.php(180): Illuminate\Routing\Router->Illuminate\Routing\{closure}(Object(Illuminate\Http\Request))
#11 C:\xampp\htdocs\laravel\laravel\vendor\laravel\framework\src\Illuminate\Auth\Middleware\Authorize.php(59): Illuminate\Pipeline\Pipeline->Illuminate\Pipeline\{closure}(Object(Illuminate\Http\Request))
#12 C:\xampp\htdocs\laravel\laravel\vendor\laravel\framework\src\Illuminate\Pipeline\Pipeline.php(219): Illuminate\Auth\Middleware\Authorize->handle(Object(Illuminate\Http\Request), Object(Closure), 'visits.preview')
#13 C:\xampp\htdocs\laravel\laravel\vendor\laravel\framework\src\Illuminate\Auth\Middleware\Authorize.php(59): Illuminate\Pipeline\Pipeline->Illuminate\Pipeline\{closure}(Object(Illuminate\Http\Request))
#14 C:\xampp\htdocs\laravel\laravel\vendor\laravel\framework\src\Illuminate\Pipeline\Pipeline.php(219): Illuminate\Auth\Middleware\Authorize->handle(Object(Illuminate\Http\Request), Object(Closure), 'visits.view')
#15 C:\xampp\htdocs\laravel\laravel\app\Http\Middleware\ConvertBladeViewsToInertia.php(14): Illuminate\Pipeline\Pipeline->Illuminate\Pipeline\{closure}(Object(Illuminate\Http\Request))
#16 C:\xampp\htdocs\laravel\laravel\vendor\laravel\framework\src\Illuminate\Pipeline\Pipeline.php(219): App\Http\Middleware\ConvertBladeViewsToInertia->handle(Object(Illuminate\Http\Request), Object(Closure))
#17 C:\xampp\htdocs\laravel\laravel\vendor\inertiajs\inertia-laravel\src\Middleware.php(138): Illuminate\Pipeline\Pipeline->Illuminate\Pipeline\{closure}(Object(Illuminate\Http\Request))
#18 C:\xampp\htdocs\laravel\laravel\vendor\laravel\framework\src\Illuminate\Pipeline\Pipeline.php(219): Inertia\Middleware->handle(Object(Illuminate\Http\Request), Object(Closure))
#19 C:\xampp\htdocs\laravel\laravel\vendor\laravel\framework\src\Illuminate\Routing\Middleware\SubstituteBindings.php(50): Illuminate\Pipeline\Pipeline->Illuminate\Pipeline\{closure}(Object(Illuminate\Http\Request))
#20 C:\xampp\htdocs\laravel\laravel\vendor\laravel\framework\src\Illuminate\Pipeline\Pipeline.php(219): Illuminate\Routing\Middleware\SubstituteBindings->handle(Object(Illuminate\Http\Request), Object(Closure))
#21 C:\xampp\htdocs\laravel\laravel\vendor\laravel\framework\src\Illuminate\Auth\Middleware\Authenticate.php(63): Illuminate\Pipeline\Pipeline->Illuminate\Pipeline\{closure}(Object(Illuminate\Http\Request))
#22 C:\xampp\htdocs\laravel\laravel\vendor\laravel\framework\src\Illuminate\Pipeline\Pipeline.php(219): Illuminate\Auth\Middleware\Authenticate->handle(Object(Illuminate\Http\Request), Object(Closure))
#23 C:\xampp\htdocs\laravel\laravel\vendor\laravel\framework\src\Illuminate\Foundation\Http\Middleware\VerifyCsrfToken.php(87): Illuminate\Pipeline\Pipeline->Illuminate\Pipeline\{closure}(Object(Illuminate\Http\Request))
#24 C:\xampp\htdocs\laravel\laravel\vendor\laravel\framework\src\Illuminate\Pipeline\Pipeline.php(219): Illuminate\Foundation\Http\Middleware\VerifyCsrfToken->handle(Object(Illuminate\Http\Request), Object(Closure))
#25 C:\xampp\htdocs\laravel\laravel\vendor\laravel\framework\src\Illuminate\View\Middleware\ShareErrorsFromSession.php(48): Illuminate\Pipeline\Pipeline->Illuminate\Pipeline\{closure}(Object(Illuminate\Http\Request))
#26 C:\xampp\htdocs\laravel\laravel\vendor\laravel\framework\src\Illuminate\Pipeline\Pipeline.php(219): Illuminate\View\Middleware\ShareErrorsFromSession->handle(Object(Illuminate\Http\Request), Object(Closure))
#27 C:\xampp\htdocs\laravel\laravel\vendor\laravel\framework\src\Illuminate\Session\Middleware\StartSession.php(120): Illuminate\Pipeline\Pipeline->Illuminate\Pipeline\{closure}(Object(Illuminate\Http\Request))
#28 C:\xampp\htdocs\laravel\laravel\vendor\laravel\framework\src\Illuminate\Session\Middleware\StartSession.php(63): Illuminate\Session\Middleware\StartSession->handleStatefulRequest(Object(Illuminate\Http\Request), Object(Illuminate\Session\Store), Object(Closure))
#29 C:\xampp\htdocs\laravel\laravel\vendor\laravel\framework\src\Illuminate\Pipeline\Pipeline.php(219): Illuminate\Session\Middleware\StartSession->handle(Object(Illuminate\Http\Request), Object(Closure))
#30 C:\xampp\htdocs\laravel\laravel\vendor\laravel\framework\src\Illuminate\Cookie\Middleware\AddQueuedCookiesToResponse.php(36): Illuminate\Pipeline\Pipeline->Illuminate\Pipeline\{closure}(Object(Illuminate\Http\Request))
#31 C:\xampp\htdocs\laravel\laravel\vendor\laravel\framework\src\Illuminate\Pipeline\Pipeline.php(219): Illuminate\Cookie\Middleware\AddQueuedCookiesToResponse->handle(Object(Illuminate\Http\Request), Object(Closure))
#32 C:\xampp\htdocs\laravel\laravel\vendor\laravel\framework\src\Illuminate\Cookie\Middleware\EncryptCookies.php(74): Illuminate\Pipeline\Pipeline->Illuminate\Pipeline\{closure}(Object(Illuminate\Http\Request))
#33 C:\xampp\htdocs\laravel\laravel\vendor\laravel\framework\src\Illuminate\Pipeline\Pipeline.php(219): Illuminate\Cookie\Middleware\EncryptCookies->handle(Object(Illuminate\Http\Request), Object(Closure))
#34 C:\xampp\htdocs\laravel\laravel\vendor\laravel\framework\src\Illuminate\Pipeline\Pipeline.php(137): Illuminate\Pipeline\Pipeline->Illuminate\Pipeline\{closure}(Object(Illuminate\Http\Request))
#35 C:\xampp\htdocs\laravel\laravel\vendor\laravel\framework\src\Illuminate\Routing\Router.php(821): Illuminate\Pipeline\Pipeline->then(Object(Closure))
#36 C:\xampp\htdocs\laravel\laravel\vendor\laravel\framework\src\Illuminate\Routing\Router.php(800): Illuminate\Routing\Router->runRouteWithinStack(Object(Illuminate\Routing\Route), Object(Illuminate\Http\Request))
#37 C:\xampp\htdocs\laravel\laravel\vendor\laravel\framework\src\Illuminate\Routing\Router.php(764): Illuminate\Routing\Router->runRoute(Object(Illuminate\Http\Request), Object(Illuminate\Routing\Route))
#38 C:\xampp\htdocs\laravel\laravel\vendor\laravel\framework\src\Illuminate\Routing\Router.php(753): Illuminate\Routing\Router->dispatchToRoute(Object(Illuminate\Http\Request))
#39 C:\xampp\htdocs\laravel\laravel\vendor\laravel\framework\src\Illuminate\Foundation\Http\Kernel.php(200): Illuminate\Routing\Router->dispatch(Object(Illuminate\Http\Request))
#40 C:\xampp\htdocs\laravel\laravel\vendor\laravel\framework\src\Illuminate\Pipeline\Pipeline.php(180): Illuminate\Foundation\Http\Kernel->Illuminate\Foundation\Http\{closure}(Object(Illuminate\Http\Request))
#41 C:\xampp\htdocs\laravel\laravel\vendor\inertiajs\inertia-laravel\src\Middleware\EnsureGetOnRedirect.php(19): Illuminate\Pipeline\Pipeline->Illuminate\Pipeline\{closure}(Object(Illuminate\Http\Request))
#42 C:\xampp\htdocs\laravel\laravel\vendor\laravel\framework\src\Illuminate\Pipeline\Pipeline.php(219): Inertia\Middleware\EnsureGetOnRedirect->handle(Object(Illuminate\Http\Request), Object(Closure))
#43 C:\xampp\htdocs\laravel\laravel\app\Http\Middleware\SecurityHeaders.php(13): Illuminate\Pipeline\Pipeline->Illuminate\Pipeline\{closure}(Object(Illuminate\Http\Request))
#44 C:\xampp\htdocs\laravel\laravel\vendor\laravel\framework\src\Illuminate\Pipeline\Pipeline.php(219): App\Http\Middleware\SecurityHeaders->handle(Object(Illuminate\Http\Request), Object(Closure))
#45 C:\xampp\htdocs\laravel\laravel\vendor\laravel\framework\src\Illuminate\Foundation\Http\Middleware\TransformsRequest.php(21): Illuminate\Pipeline\Pipeline->Illuminate\Pipeline\{closure}(Object(Illuminate\Http\Request))
#46 C:\xampp\htdocs\laravel\laravel\vendor\laravel\framework\src\Illuminate\Foundation\Http\Middleware\ConvertEmptyStringsToNull.php(31): Illuminate\Foundation\Http\Middleware\TransformsRequest->handle(Object(Illuminate\Http\Request), Object(Closure))
#47 C:\xampp\htdocs\laravel\laravel\vendor\laravel\framework\src\Illuminate\Pipeline\Pipeline.php(219): Illuminate\Foundation\Http\Middleware\ConvertEmptyStringsToNull->handle(Object(Illuminate\Http\Request), Object(Closure))
#48 C:\xampp\htdocs\laravel\laravel\vendor\laravel\framework\src\Illuminate\Foundation\Http\Middleware\TransformsRequest.php(21): Illuminate\Pipeline\Pipeline->Illuminate\Pipeline\{closure}(Object(Illuminate\Http\Request))
#49 C:\xampp\htdocs\laravel\laravel\vendor\laravel\framework\src\Illuminate\Foundation\Http\Middleware\TrimStrings.php(51): Illuminate\Foundation\Http\Middleware\TransformsRequest->handle(Object(Illuminate\Http\Request), Object(Closure))
#50 C:\xampp\htdocs\laravel\laravel\vendor\laravel\framework\src\Illuminate\Pipeline\Pipeline.php(219): Illuminate\Foundation\Http\Middleware\TrimStrings->handle(Object(Illuminate\Http\Request), Object(Closure))
#51 C:\xampp\htdocs\laravel\laravel\vendor\laravel\framework\src\Illuminate\Http\Middleware\ValidatePostSize.php(27): Illuminate\Pipeline\Pipeline->Illuminate\Pipeline\{closure}(Object(Illuminate\Http\Request))
#52 C:\xampp\htdocs\laravel\laravel\vendor\laravel\framework\src\Illuminate\Pipeline\Pipeline.php(219): Illuminate\Http\Middleware\ValidatePostSize->handle(Object(Illuminate\Http\Request), Object(Closure))
#53 C:\xampp\htdocs\laravel\laravel\vendor\laravel\framework\src\Illuminate\Foundation\Http\Middleware\PreventRequestsDuringMaintenance.php(109): Illuminate\Pipeline\Pipeline->Illuminate\Pipeline\{closure}(Object(Illuminate\Http\Request))
#54 C:\xampp\htdocs\laravel\laravel\vendor\laravel\framework\src\Illuminate\Pipeline\Pipeline.php(219): Illuminate\Foundation\Http\Middleware\PreventRequestsDuringMaintenance->handle(Object(Illuminate\Http\Request), Object(Closure))
#55 C:\xampp\htdocs\laravel\laravel\vendor\laravel\framework\src\Illuminate\Http\Middleware\HandleCors.php(61): Illuminate\Pipeline\Pipeline->Illuminate\Pipeline\{closure}(Object(Illuminate\Http\Request))
#56 C:\xampp\htdocs\laravel\laravel\vendor\laravel\framework\src\Illuminate\Pipeline\Pipeline.php(219): Illuminate\Http\Middleware\HandleCors->handle(Object(Illuminate\Http\Request), Object(Closure))
#57 C:\xampp\htdocs\laravel\laravel\vendor\laravel\framework\src\Illuminate\Http\Middleware\TrustProxies.php(58): Illuminate\Pipeline\Pipeline->Illuminate\Pipeline\{closure}(Object(Illuminate\Http\Request))
#58 C:\xampp\htdocs\laravel\laravel\vendor\laravel\framework\src\Illuminate\Pipeline\Pipeline.php(219): Illuminate\Http\Middleware\TrustProxies->handle(Object(Illuminate\Http\Request), Object(Closure))
#59 C:\xampp\htdocs\laravel\laravel\vendor\laravel\framework\src\Illuminate\Foundation\Http\Middleware\InvokeDeferredCallbacks.php(22): Illuminate\Pipeline\Pipeline->Illuminate\Pipeline\{closure}(Object(Illuminate\Http\Request))
#60 C:\xampp\htdocs\laravel\laravel\vendor\laravel\framework\src\Illuminate\Pipeline\Pipeline.php(219): Illuminate\Foundation\Http\Middleware\InvokeDeferredCallbacks->handle(Object(Illuminate\Http\Request), Object(Closure))
#61 C:\xampp\htdocs\laravel\laravel\vendor\laravel\framework\src\Illuminate\Http\Middleware\ValidatePathEncoding.php(26): Illuminate\Pipeline\Pipeline->Illuminate\Pipeline\{closure}(Object(Illuminate\Http\Request))
#62 C:\xampp\htdocs\laravel\laravel\vendor\laravel\framework\src\Illuminate\Pipeline\Pipeline.php(219): Illuminate\Http\Middleware\ValidatePathEncoding->handle(Object(Illuminate\Http\Request), Object(Closure))
#63 C:\xampp\htdocs\laravel\laravel\vendor\laravel\framework\src\Illuminate\Pipeline\Pipeline.php(137): Illuminate\Pipeline\Pipeline->Illuminate\Pipeline\{closure}(Object(Illuminate\Http\Request))
#64 C:\xampp\htdocs\laravel\laravel\vendor\laravel\framework\src\Illuminate\Foundation\Http\Kernel.php(175): Illuminate\Pipeline\Pipeline->then(Object(Closure))
#65 C:\xampp\htdocs\laravel\laravel\vendor\laravel\framework\src\Illuminate\Foundation\Http\Kernel.php(144): Illuminate\Foundation\Http\Kernel->sendRequestThroughRouter(Object(Illuminate\Http\Request))
#66 C:\xampp\htdocs\laravel\laravel\vendor\laravel\framework\src\Illuminate\Foundation\Testing\Concerns\MakesHttpRequests.php(607): Illuminate\Foundation\Http\Kernel->handle(Object(Illuminate\Http\Request))
#67 C:\xampp\htdocs\laravel\laravel\vendor\laravel\framework\src\Illuminate\Foundation\Testing\Concerns\MakesHttpRequests.php(368): Illuminate\Foundation\Testing\TestCase->call('GET', 'http://localhos...', Array, Array, Array, Array)
#68 C:\xampp\htdocs\laravel\laravel\tests\Feature\VisitPreviewTest.php(56): Illuminate\Foundation\Testing\TestCase->get('http://localhos...')
#69 C:\xampp\htdocs\laravel\laravel\vendor\phpunit\phpunit\src\Framework\TestCase.php(1667): Tests\Feature\VisitPreviewTest->test_authorized_user_can_open_visit_preview()
#70 C:\xampp\htdocs\laravel\laravel\vendor\phpunit\phpunit\src\Framework\TestCase.php(519): PHPUnit\Framework\TestCase->runTest()
#71 C:\xampp\htdocs\laravel\laravel\vendor\phpunit\phpunit\src\Framework\TestRunner\TestRunner.php(87): PHPUnit\Framework\TestCase->runBare()
#72 C:\xampp\htdocs\laravel\laravel\vendor\phpunit\phpunit\src\Framework\TestCase.php(365): PHPUnit\Framework\TestRunner->run(Object(Tests\Feature\VisitPreviewTest))
#73 C:\xampp\htdocs\laravel\laravel\vendor\phpunit\phpunit\src\Framework\TestSuite.php(369): PHPUnit\Framework\TestCase->run()
#74 C:\xampp\htdocs\laravel\laravel\vendor\phpunit\phpunit\src\Framework\TestSuite.php(369): PHPUnit\Framework\TestSuite->run()
#75 C:\xampp\htdocs\laravel\laravel\vendor\phpunit\phpunit\src\Framework\TestSuite.php(369): PHPUnit\Framework\TestSuite->run()
#76 C:\xampp\htdocs\laravel\laravel\vendor\phpunit\phpunit\src\TextUI\TestRunner.php(64): PHPUnit\Framework\TestSuite->run()
#77 C:\xampp\htdocs\laravel\laravel\vendor\phpunit\phpunit\src\TextUI\Application.php(211): PHPUnit\TextUI\TestRunner->run(Object(PHPUnit\TextUI\Configuration\Configuration), Object(PHPUnit\Runner\ResultCache\DefaultResultCache), Object(PHPUnit\Framework\TestSuite))
#78 C:\xampp\htdocs\laravel\laravel\vendor\phpunit\phpunit\phpunit(104): PHPUnit\TextUI\Application->run(Array)
#79 {main}

----------------------------------------------------------------------------------

Undefined variable $preview (View: C:\xampp\htdocs\laravel\laravel\resources\views\visits\preview.blade.php)

  at tests\Feature\VisitPreviewTest.php:58
     54▕     {
     55▕         $response = $this->actingAs($this->user)
     56▕             ->get(route('admin.visits.preview', $this->visit));
     57▕ 
  ➜  58▕         $response->assertStatus(200);
     59▕         $response->assertSee('Visit Preview');
     60▕     }
     61▕ 
     62▕     public function test_unauthorized_user_cannot_open_visit_preview(): void

  ────────────────────────────────────────────────────────────────────────────  
   FAILED  Tests\Feature\VisitPreviewTest > visit preview page loads for opd…   
  Expected response status code [200] but received 500.
Failed asserting that 500 is identical to 200.

The following exception occurred during the last request:

ErrorException: Undefined variable $preview in C:\xampp\htdocs\laravel\laravel\storage\framework\views\8af33dbefa0023ba105633b3c90f5df5.php:80
Stack trace:
#0 C:\xampp\htdocs\laravel\laravel\vendor\laravel\framework\src\Illuminate\Foundation\Bootstrap\HandleExceptions.php(258): Illuminate\Foundation\Bootstrap\HandleExceptions->handleError(2, 'Undefined varia...', 'C:\\xampp\\htdocs...', 80)
#1 C:\xampp\htdocs\laravel\laravel\storage\framework\views\8af33dbefa0023ba105633b3c90f5df5.php(80): Illuminate\Foundation\Bootstrap\HandleExceptions->Illuminate\Foundation\Bootstrap\{closure}(2, 'Undefined varia...', 'C:\\xampp\\htdocs...', 80)
#2 C:\xampp\htdocs\laravel\laravel\vendor\laravel\framework\src\Illuminate\Filesystem\Filesystem.php(123): require('C:\\xampp\\htdocs...')
#3 C:\xampp\htdocs\laravel\laravel\vendor\laravel\framework\src\Illuminate\Filesystem\Filesystem.php(124): Illuminate\Filesystem\Filesystem::Illuminate\Filesystem\{closure}()
#4 C:\xampp\htdocs\laravel\laravel\vendor\laravel\framework\src\Illuminate\View\Engines\PhpEngine.php(57): Illuminate\Filesystem\Filesystem->getRequire('C:\\xampp\\htdocs...', Array)
#5 C:\xampp\htdocs\laravel\laravel\vendor\laravel\framework\src\Illuminate\View\Engines\CompilerEngine.php(76): Illuminate\View\Engines\PhpEngine->evaluatePath('C:\\xampp\\htdocs...', Array)
#6 C:\xampp\htdocs\laravel\laravel\vendor\laravel\framework\src\Illuminate\View\View.php(208): Illuminate\View\Engines\CompilerEngine->get('C:\\xampp\\htdocs...', Array)
#7 C:\xampp\htdocs\laravel\laravel\vendor\laravel\framework\src\Illuminate\View\View.php(191): Illuminate\View\View->getContents()
#8 C:\xampp\htdocs\laravel\laravel\vendor\laravel\framework\src\Illuminate\View\View.php(160): Illuminate\View\View->renderContents()
#9 C:\xampp\htdocs\laravel\laravel\vendor\laravel\framework\src\Illuminate\Http\Response.php(78): Illuminate\View\View->render()
#10 C:\xampp\htdocs\laravel\laravel\vendor\laravel\framework\src\Illuminate\Http\Response.php(34): Illuminate\Http\Response->setContent(Object(Illuminate\View\View))
#11 C:\xampp\htdocs\laravel\laravel\vendor\laravel\framework\src\Illuminate\Routing\Router.php(939): Illuminate\Http\Response->__construct(Object(Illuminate\View\View), 200, Array)
#12 C:\xampp\htdocs\laravel\laravel\vendor\laravel\framework\src\Illuminate\Routing\Router.php(906): Illuminate\Routing\Router::toResponse(Object(Illuminate\Http\Request), Object(Illuminate\View\View))
#13 C:\xampp\htdocs\laravel\laravel\vendor\laravel\framework\src\Illuminate\Routing\Router.php(821): Illuminate\Routing\Router->prepareResponse(Object(Illuminate\Http\Request), Object(Illuminate\View\View))
#14 C:\xampp\htdocs\laravel\laravel\vendor\laravel\framework\src\Illuminate\Pipeline\Pipeline.php(180): Illuminate\Routing\Router->Illuminate\Routing\{closure}(Object(Illuminate\Http\Request))
#15 C:\xampp\htdocs\laravel\laravel\vendor\laravel\framework\src\Illuminate\Auth\Middleware\Authorize.php(59): Illuminate\Pipeline\Pipeline->Illuminate\Pipeline\{closure}(Object(Illuminate\Http\Request))
#16 C:\xampp\htdocs\laravel\laravel\vendor\laravel\framework\src\Illuminate\Pipeline\Pipeline.php(219): Illuminate\Auth\Middleware\Authorize->handle(Object(Illuminate\Http\Request), Object(Closure), 'visits.preview')
#17 C:\xampp\htdocs\laravel\laravel\vendor\laravel\framework\src\Illuminate\Auth\Middleware\Authorize.php(59): Illuminate\Pipeline\Pipeline->Illuminate\Pipeline\{closure}(Object(Illuminate\Http\Request))
#18 C:\xampp\htdocs\laravel\laravel\vendor\laravel\framework\src\Illuminate\Pipeline\Pipeline.php(219): Illuminate\Auth\Middleware\Authorize->handle(Object(Illuminate\Http\Request), Object(Closure), 'visits.view')
#19 C:\xampp\htdocs\laravel\laravel\app\Http\Middleware\ConvertBladeViewsToInertia.php(14): Illuminate\Pipeline\Pipeline->Illuminate\Pipeline\{closure}(Object(Illuminate\Http\Request))
#20 C:\xampp\htdocs\laravel\laravel\vendor\laravel\framework\src\Illuminate\Pipeline\Pipeline.php(219): App\Http\Middleware\ConvertBladeViewsToInertia->handle(Object(Illuminate\Http\Request), Object(Closure))
#21 C:\xampp\htdocs\laravel\laravel\vendor\inertiajs\inertia-laravel\src\Middleware.php(138): Illuminate\Pipeline\Pipeline->Illuminate\Pipeline\{closure}(Object(Illuminate\Http\Request))
#22 C:\xampp\htdocs\laravel\laravel\vendor\laravel\framework\src\Illuminate\Pipeline\Pipeline.php(219): Inertia\Middleware->handle(Object(Illuminate\Http\Request), Object(Closure))
#23 C:\xampp\htdocs\laravel\laravel\vendor\laravel\framework\src\Illuminate\Routing\Middleware\SubstituteBindings.php(50): Illuminate\Pipeline\Pipeline->Illuminate\Pipeline\{closure}(Object(Illuminate\Http\Request))
#24 C:\xampp\htdocs\laravel\laravel\vendor\laravel\framework\src\Illuminate\Pipeline\Pipeline.php(219): Illuminate\Routing\Middleware\SubstituteBindings->handle(Object(Illuminate\Http\Request), Object(Closure))
#25 C:\xampp\htdocs\laravel\laravel\vendor\laravel\framework\src\Illuminate\Auth\Middleware\Authenticate.php(63): Illuminate\Pipeline\Pipeline->Illuminate\Pipeline\{closure}(Object(Illuminate\Http\Request))
#26 C:\xampp\htdocs\laravel\laravel\vendor\laravel\framework\src\Illuminate\Pipeline\Pipeline.php(219): Illuminate\Auth\Middleware\Authenticate->handle(Object(Illuminate\Http\Request), Object(Closure))
#27 C:\xampp\htdocs\laravel\laravel\vendor\laravel\framework\src\Illuminate\Foundation\Http\Middleware\VerifyCsrfToken.php(87): Illuminate\Pipeline\Pipeline->Illuminate\Pipeline\{closure}(Object(Illuminate\Http\Request))
#28 C:\xampp\htdocs\laravel\laravel\vendor\laravel\framework\src\Illuminate\Pipeline\Pipeline.php(219): Illuminate\Foundation\Http\Middleware\VerifyCsrfToken->handle(Object(Illuminate\Http\Request), Object(Closure))
#29 C:\xampp\htdocs\laravel\laravel\vendor\laravel\framework\src\Illuminate\View\Middleware\ShareErrorsFromSession.php(48): Illuminate\Pipeline\Pipeline->Illuminate\Pipeline\{closure}(Object(Illuminate\Http\Request))
#30 C:\xampp\htdocs\laravel\laravel\vendor\laravel\framework\src\Illuminate\Pipeline\Pipeline.php(219): Illuminate\View\Middleware\ShareErrorsFromSession->handle(Object(Illuminate\Http\Request), Object(Closure))
#31 C:\xampp\htdocs\laravel\laravel\vendor\laravel\framework\src\Illuminate\Session\Middleware\StartSession.php(120): Illuminate\Pipeline\Pipeline->Illuminate\Pipeline\{closure}(Object(Illuminate\Http\Request))
#32 C:\xampp\htdocs\laravel\laravel\vendor\laravel\framework\src\Illuminate\Session\Middleware\StartSession.php(63): Illuminate\Session\Middleware\StartSession->handleStatefulRequest(Object(Illuminate\Http\Request), Object(Illuminate\Session\Store), Object(Closure))
#33 C:\xampp\htdocs\laravel\laravel\vendor\laravel\framework\src\Illuminate\Pipeline\Pipeline.php(219): Illuminate\Session\Middleware\StartSession->handle(Object(Illuminate\Http\Request), Object(Closure))
#34 C:\xampp\htdocs\laravel\laravel\vendor\laravel\framework\src\Illuminate\Cookie\Middleware\AddQueuedCookiesToResponse.php(36): Illuminate\Pipeline\Pipeline->Illuminate\Pipeline\{closure}(Object(Illuminate\Http\Request))
#35 C:\xampp\htdocs\laravel\laravel\vendor\laravel\framework\src\Illuminate\Pipeline\Pipeline.php(219): Illuminate\Cookie\Middleware\AddQueuedCookiesToResponse->handle(Object(Illuminate\Http\Request), Object(Closure))
#36 C:\xampp\htdocs\laravel\laravel\vendor\laravel\framework\src\Illuminate\Cookie\Middleware\EncryptCookies.php(74): Illuminate\Pipeline\Pipeline->Illuminate\Pipeline\{closure}(Object(Illuminate\Http\Request))
#37 C:\xampp\htdocs\laravel\laravel\vendor\laravel\framework\src\Illuminate\Pipeline\Pipeline.php(219): Illuminate\Cookie\Middleware\EncryptCookies->handle(Object(Illuminate\Http\Request), Object(Closure))
#38 C:\xampp\htdocs\laravel\laravel\vendor\laravel\framework\src\Illuminate\Pipeline\Pipeline.php(137): Illuminate\Pipeline\Pipeline->Illuminate\Pipeline\{closure}(Object(Illuminate\Http\Request))
#39 C:\xampp\htdocs\laravel\laravel\vendor\laravel\framework\src\Illuminate\Routing\Router.php(821): Illuminate\Pipeline\Pipeline->then(Object(Closure))
#40 C:\xampp\htdocs\laravel\laravel\vendor\laravel\framework\src\Illuminate\Routing\Router.php(800): Illuminate\Routing\Router->runRouteWithinStack(Object(Illuminate\Routing\Route), Object(Illuminate\Http\Request))
#41 C:\xampp\htdocs\laravel\laravel\vendor\laravel\framework\src\Illuminate\Routing\Router.php(764): Illuminate\Routing\Router->runRoute(Object(Illuminate\Http\Request), Object(Illuminate\Routing\Route))
#42 C:\xampp\htdocs\laravel\laravel\vendor\laravel\framework\src\Illuminate\Routing\Router.php(753): Illuminate\Routing\Router->dispatchToRoute(Object(Illuminate\Http\Request))
#43 C:\xampp\htdocs\laravel\laravel\vendor\laravel\framework\src\Illuminate\Foundation\Http\Kernel.php(200): Illuminate\Routing\Router->dispatch(Object(Illuminate\Http\Request))
#44 C:\xampp\htdocs\laravel\laravel\vendor\laravel\framework\src\Illuminate\Pipeline\Pipeline.php(180): Illuminate\Foundation\Http\Kernel->Illuminate\Foundation\Http\{closure}(Object(Illuminate\Http\Request))
#45 C:\xampp\htdocs\laravel\laravel\vendor\inertiajs\inertia-laravel\src\Middleware\EnsureGetOnRedirect.php(19): Illuminate\Pipeline\Pipeline->Illuminate\Pipeline\{closure}(Object(Illuminate\Http\Request))
#46 C:\xampp\htdocs\laravel\laravel\vendor\laravel\framework\src\Illuminate\Pipeline\Pipeline.php(219): Inertia\Middleware\EnsureGetOnRedirect->handle(Object(Illuminate\Http\Request), Object(Closure))
#47 C:\xampp\htdocs\laravel\laravel\app\Http\Middleware\SecurityHeaders.php(13): Illuminate\Pipeline\Pipeline->Illuminate\Pipeline\{closure}(Object(Illuminate\Http\Request))
#48 C:\xampp\htdocs\laravel\laravel\vendor\laravel\framework\src\Illuminate\Pipeline\Pipeline.php(219): App\Http\Middleware\SecurityHeaders->handle(Object(Illuminate\Http\Request), Object(Closure))
#49 C:\xampp\htdocs\laravel\laravel\vendor\laravel\framework\src\Illuminate\Foundation\Http\Middleware\TransformsRequest.php(21): Illuminate\Pipeline\Pipeline->Illuminate\Pipeline\{closure}(Object(Illuminate\Http\Request))
#50 C:\xampp\htdocs\laravel\laravel\vendor\laravel\framework\src\Illuminate\Foundation\Http\Middleware\ConvertEmptyStringsToNull.php(31): Illuminate\Foundation\Http\Middleware\TransformsRequest->handle(Object(Illuminate\Http\Request), Object(Closure))
#51 C:\xampp\htdocs\laravel\laravel\vendor\laravel\framework\src\Illuminate\Pipeline\Pipeline.php(219): Illuminate\Foundation\Http\Middleware\ConvertEmptyStringsToNull->handle(Object(Illuminate\Http\Request), Object(Closure))
#52 C:\xampp\htdocs\laravel\laravel\vendor\laravel\framework\src\Illuminate\Foundation\Http\Middleware\TransformsRequest.php(21): Illuminate\Pipeline\Pipeline->Illuminate\Pipeline\{closure}(Object(Illuminate\Http\Request))
#53 C:\xampp\htdocs\laravel\laravel\vendor\laravel\framework\src\Illuminate\Foundation\Http\Middleware\TrimStrings.php(51): Illuminate\Foundation\Http\Middleware\TransformsRequest->handle(Object(Illuminate\Http\Request), Object(Closure))
#54 C:\xampp\htdocs\laravel\laravel\vendor\laravel\framework\src\Illuminate\Pipeline\Pipeline.php(219): Illuminate\Foundation\Http\Middleware\TrimStrings->handle(Object(Illuminate\Http\Request), Object(Closure))
#55 C:\xampp\htdocs\laravel\laravel\vendor\laravel\framework\src\Illuminate\Http\Middleware\ValidatePostSize.php(27): Illuminate\Pipeline\Pipeline->Illuminate\Pipeline\{closure}(Object(Illuminate\Http\Request))
#56 C:\xampp\htdocs\laravel\laravel\vendor\laravel\framework\src\Illuminate\Pipeline\Pipeline.php(219): Illuminate\Http\Middleware\ValidatePostSize->handle(Object(Illuminate\Http\Request), Object(Closure))
#57 C:\xampp\htdocs\laravel\laravel\vendor\laravel\framework\src\Illuminate\Foundation\Http\Middleware\PreventRequestsDuringMaintenance.php(109): Illuminate\Pipeline\Pipeline->Illuminate\Pipeline\{closure}(Object(Illuminate\Http\Request))
#58 C:\xampp\htdocs\laravel\laravel\vendor\laravel\framework\src\Illuminate\Pipeline\Pipeline.php(219): Illuminate\Foundation\Http\Middleware\PreventRequestsDuringMaintenance->handle(Object(Illuminate\Http\Request), Object(Closure))
#59 C:\xampp\htdocs\laravel\laravel\vendor\laravel\framework\src\Illuminate\Http\Middleware\HandleCors.php(61): Illuminate\Pipeline\Pipeline->Illuminate\Pipeline\{closure}(Object(Illuminate\Http\Request))
#60 C:\xampp\htdocs\laravel\laravel\vendor\laravel\framework\src\Illuminate\Pipeline\Pipeline.php(219): Illuminate\Http\Middleware\HandleCors->handle(Object(Illuminate\Http\Request), Object(Closure))
#61 C:\xampp\htdocs\laravel\laravel\vendor\laravel\framework\src\Illuminate\Http\Middleware\TrustProxies.php(58): Illuminate\Pipeline\Pipeline->Illuminate\Pipeline\{closure}(Object(Illuminate\Http\Request))
#62 C:\xampp\htdocs\laravel\laravel\vendor\laravel\framework\src\Illuminate\Pipeline\Pipeline.php(219): Illuminate\Http\Middleware\TrustProxies->handle(Object(Illuminate\Http\Request), Object(Closure))
#63 C:\xampp\htdocs\laravel\laravel\vendor\laravel\framework\src\Illuminate\Foundation\Http\Middleware\InvokeDeferredCallbacks.php(22): Illuminate\Pipeline\Pipeline->Illuminate\Pipeline\{closure}(Object(Illuminate\Http\Request))
#64 C:\xampp\htdocs\laravel\laravel\vendor\laravel\framework\src\Illuminate\Pipeline\Pipeline.php(219): Illuminate\Foundation\Http\Middleware\InvokeDeferredCallbacks->handle(Object(Illuminate\Http\Request), Object(Closure))
#65 C:\xampp\htdocs\laravel\laravel\vendor\laravel\framework\src\Illuminate\Http\Middleware\ValidatePathEncoding.php(26): Illuminate\Pipeline\Pipeline->Illuminate\Pipeline\{closure}(Object(Illuminate\Http\Request))
#66 C:\xampp\htdocs\laravel\laravel\vendor\laravel\framework\src\Illuminate\Pipeline\Pipeline.php(219): Illuminate\Http\Middleware\ValidatePathEncoding->handle(Object(Illuminate\Http\Request), Object(Closure))
#67 C:\xampp\htdocs\laravel\laravel\vendor\laravel\framework\src\Illuminate\Pipeline\Pipeline.php(137): Illuminate\Pipeline\Pipeline->Illuminate\Pipeline\{closure}(Object(Illuminate\Http\Request))
#68 C:\xampp\htdocs\laravel\laravel\vendor\laravel\framework\src\Illuminate\Foundation\Http\Kernel.php(175): Illuminate\Pipeline\Pipeline->then(Object(Closure))
#69 C:\xampp\htdocs\laravel\laravel\vendor\laravel\framework\src\Illuminate\Foundation\Http\Kernel.php(144): Illuminate\Foundation\Http\Kernel->sendRequestThroughRouter(Object(Illuminate\Http\Request))
#70 C:\xampp\htdocs\laravel\laravel\vendor\laravel\framework\src\Illuminate\Foundation\Testing\Concerns\MakesHttpRequests.php(607): Illuminate\Foundation\Http\Kernel->handle(Object(Illuminate\Http\Request))
#71 C:\xampp\htdocs\laravel\laravel\vendor\laravel\framework\src\Illuminate\Foundation\Testing\Concerns\MakesHttpRequests.php(368): Illuminate\Foundation\Testing\TestCase->call('GET', 'http://localhos...', Array, Array, Array, Array)
#72 C:\xampp\htdocs\laravel\laravel\tests\Feature\VisitPreviewTest.php(85): Illuminate\Foundation\Testing\TestCase->get('http://localhos...')
#73 C:\xampp\htdocs\laravel\laravel\vendor\phpunit\phpunit\src\Framework\TestCase.php(1667): Tests\Feature\VisitPreviewTest->test_visit_preview_page_loads_for_opd_visit()
#74 C:\xampp\htdocs\laravel\laravel\vendor\phpunit\phpunit\src\Framework\TestCase.php(519): PHPUnit\Framework\TestCase->runTest()
#75 C:\xampp\htdocs\laravel\laravel\vendor\phpunit\phpunit\src\Framework\TestRunner\TestRunner.php(87): PHPUnit\Framework\TestCase->runBare()
#76 C:\xampp\htdocs\laravel\laravel\vendor\phpunit\phpunit\src\Framework\TestCase.php(365): PHPUnit\Framework\TestRunner->run(Object(Tests\Feature\VisitPreviewTest))
#77 C:\xampp\htdocs\laravel\laravel\vendor\phpunit\phpunit\src\Framework\TestSuite.php(369): PHPUnit\Framework\TestCase->run()
#78 C:\xampp\htdocs\laravel\laravel\vendor\phpunit\phpunit\src\Framework\TestSuite.php(369): PHPUnit\Framework\TestSuite->run()
#79 C:\xampp\htdocs\laravel\laravel\vendor\phpunit\phpunit\src\Framework\TestSuite.php(369): PHPUnit\Framework\TestSuite->run()
#80 C:\xampp\htdocs\laravel\laravel\vendor\phpunit\phpunit\src\TextUI\TestRunner.php(64): PHPUnit\Framework\TestSuite->run()
#81 C:\xampp\htdocs\laravel\laravel\vendor\phpunit\phpunit\src\TextUI\Application.php(211): PHPUnit\TextUI\TestRunner->run(Object(PHPUnit\TextUI\Configuration\Configuration), Object(PHPUnit\Runner\ResultCache\DefaultResultCache), Object(PHPUnit\Framework\TestSuite))
#82 C:\xampp\htdocs\laravel\laravel\vendor\phpunit\phpunit\phpunit(104): PHPUnit\TextUI\Application->run(Array)
#83 {main}

Next Illuminate\View\ViewException: Undefined variable $preview (View: C:\xampp\htdocs\laravel\laravel\resources\views\visits\preview.blade.php) in C:\xampp\htdocs\laravel\laravel\storage\framework\views\8af33dbefa0023ba105633b3c90f5df5.php:80
Stack trace:
#0 C:\xampp\htdocs\laravel\laravel\vendor\laravel\framework\src\Illuminate\View\Engines\PhpEngine.php(59): Illuminate\View\Engines\CompilerEngine->handleViewException(Object(ErrorException), 1)
#1 C:\xampp\htdocs\laravel\laravel\vendor\laravel\framework\src\Illuminate\View\Engines\CompilerEngine.php(76): Illuminate\View\Engines\PhpEngine->evaluatePath('C:\\xampp\\htdocs...', Array)
#2 C:\xampp\htdocs\laravel\laravel\vendor\laravel\framework\src\Illuminate\View\View.php(208): Illuminate\View\Engines\CompilerEngine->get('C:\\xampp\\htdocs...', Array)
#3 C:\xampp\htdocs\laravel\laravel\vendor\laravel\framework\src\Illuminate\View\View.php(191): Illuminate\View\View->getContents()
#4 C:\xampp\htdocs\laravel\laravel\vendor\laravel\framework\src\Illuminate\View\View.php(160): Illuminate\View\View->renderContents()
#5 C:\xampp\htdocs\laravel\laravel\vendor\laravel\framework\src\Illuminate\Http\Response.php(78): Illuminate\View\View->render()
#6 C:\xampp\htdocs\laravel\laravel\vendor\laravel\framework\src\Illuminate\Http\Response.php(34): Illuminate\Http\Response->setContent(Object(Illuminate\View\View))
#7 C:\xampp\htdocs\laravel\laravel\vendor\laravel\framework\src\Illuminate\Routing\Router.php(939): Illuminate\Http\Response->__construct(Object(Illuminate\View\View), 200, Array)
#8 C:\xampp\htdocs\laravel\laravel\vendor\laravel\framework\src\Illuminate\Routing\Router.php(906): Illuminate\Routing\Router::toResponse(Object(Illuminate\Http\Request), Object(Illuminate\View\View))
#9 C:\xampp\htdocs\laravel\laravel\vendor\laravel\framework\src\Illuminate\Routing\Router.php(821): Illuminate\Routing\Router->prepareResponse(Object(Illuminate\Http\Request), Object(Illuminate\View\View))
#10 C:\xampp\htdocs\laravel\laravel\vendor\laravel\framework\src\Illuminate\Pipeline\Pipeline.php(180): Illuminate\Routing\Router->Illuminate\Routing\{closure}(Object(Illuminate\Http\Request))
#11 C:\xampp\htdocs\laravel\laravel\vendor\laravel\framework\src\Illuminate\Auth\Middleware\Authorize.php(59): Illuminate\Pipeline\Pipeline->Illuminate\Pipeline\{closure}(Object(Illuminate\Http\Request))
#12 C:\xampp\htdocs\laravel\laravel\vendor\laravel\framework\src\Illuminate\Pipeline\Pipeline.php(219): Illuminate\Auth\Middleware\Authorize->handle(Object(Illuminate\Http\Request), Object(Closure), 'visits.preview')
#13 C:\xampp\htdocs\laravel\laravel\vendor\laravel\framework\src\Illuminate\Auth\Middleware\Authorize.php(59): Illuminate\Pipeline\Pipeline->Illuminate\Pipeline\{closure}(Object(Illuminate\Http\Request))
#14 C:\xampp\htdocs\laravel\laravel\vendor\laravel\framework\src\Illuminate\Pipeline\Pipeline.php(219): Illuminate\Auth\Middleware\Authorize->handle(Object(Illuminate\Http\Request), Object(Closure), 'visits.view')
#15 C:\xampp\htdocs\laravel\laravel\app\Http\Middleware\ConvertBladeViewsToInertia.php(14): Illuminate\Pipeline\Pipeline->Illuminate\Pipeline\{closure}(Object(Illuminate\Http\Request))
#16 C:\xampp\htdocs\laravel\laravel\vendor\laravel\framework\src\Illuminate\Pipeline\Pipeline.php(219): App\Http\Middleware\ConvertBladeViewsToInertia->handle(Object(Illuminate\Http\Request), Object(Closure))
#17 C:\xampp\htdocs\laravel\laravel\vendor\inertiajs\inertia-laravel\src\Middleware.php(138): Illuminate\Pipeline\Pipeline->Illuminate\Pipeline\{closure}(Object(Illuminate\Http\Request))
#18 C:\xampp\htdocs\laravel\laravel\vendor\laravel\framework\src\Illuminate\Pipeline\Pipeline.php(219): Inertia\Middleware->handle(Object(Illuminate\Http\Request), Object(Closure))
#19 C:\xampp\htdocs\laravel\laravel\vendor\laravel\framework\src\Illuminate\Routing\Middleware\SubstituteBindings.php(50): Illuminate\Pipeline\Pipeline->Illuminate\Pipeline\{closure}(Object(Illuminate\Http\Request))
#20 C:\xampp\htdocs\laravel\laravel\vendor\laravel\framework\src\Illuminate\Pipeline\Pipeline.php(219): Illuminate\Routing\Middleware\SubstituteBindings->handle(Object(Illuminate\Http\Request), Object(Closure))
#21 C:\xampp\htdocs\laravel\laravel\vendor\laravel\framework\src\Illuminate\Auth\Middleware\Authenticate.php(63): Illuminate\Pipeline\Pipeline->Illuminate\Pipeline\{closure}(Object(Illuminate\Http\Request))
#22 C:\xampp\htdocs\laravel\laravel\vendor\laravel\framework\src\Illuminate\Pipeline\Pipeline.php(219): Illuminate\Auth\Middleware\Authenticate->handle(Object(Illuminate\Http\Request), Object(Closure))
#23 C:\xampp\htdocs\laravel\laravel\vendor\laravel\framework\src\Illuminate\Foundation\Http\Middleware\VerifyCsrfToken.php(87): Illuminate\Pipeline\Pipeline->Illuminate\Pipeline\{closure}(Object(Illuminate\Http\Request))
#24 C:\xampp\htdocs\laravel\laravel\vendor\laravel\framework\src\Illuminate\Pipeline\Pipeline.php(219): Illuminate\Foundation\Http\Middleware\VerifyCsrfToken->handle(Object(Illuminate\Http\Request), Object(Closure))
#25 C:\xampp\htdocs\laravel\laravel\vendor\laravel\framework\src\Illuminate\View\Middleware\ShareErrorsFromSession.php(48): Illuminate\Pipeline\Pipeline->Illuminate\Pipeline\{closure}(Object(Illuminate\Http\Request))
#26 C:\xampp\htdocs\laravel\laravel\vendor\laravel\framework\src\Illuminate\Pipeline\Pipeline.php(219): Illuminate\View\Middleware\ShareErrorsFromSession->handle(Object(Illuminate\Http\Request), Object(Closure))
#27 C:\xampp\htdocs\laravel\laravel\vendor\laravel\framework\src\Illuminate\Session\Middleware\StartSession.php(120): Illuminate\Pipeline\Pipeline->Illuminate\Pipeline\{closure}(Object(Illuminate\Http\Request))
#28 C:\xampp\htdocs\laravel\laravel\vendor\laravel\framework\src\Illuminate\Session\Middleware\StartSession.php(63): Illuminate\Session\Middleware\StartSession->handleStatefulRequest(Object(Illuminate\Http\Request), Object(Illuminate\Session\Store), Object(Closure))
#29 C:\xampp\htdocs\laravel\laravel\vendor\laravel\framework\src\Illuminate\Pipeline\Pipeline.php(219): Illuminate\Session\Middleware\StartSession->handle(Object(Illuminate\Http\Request), Object(Closure))
#30 C:\xampp\htdocs\laravel\laravel\vendor\laravel\framework\src\Illuminate\Cookie\Middleware\AddQueuedCookiesToResponse.php(36): Illuminate\Pipeline\Pipeline->Illuminate\Pipeline\{closure}(Object(Illuminate\Http\Request))
#31 C:\xampp\htdocs\laravel\laravel\vendor\laravel\framework\src\Illuminate\Pipeline\Pipeline.php(219): Illuminate\Cookie\Middleware\AddQueuedCookiesToResponse->handle(Object(Illuminate\Http\Request), Object(Closure))
#32 C:\xampp\htdocs\laravel\laravel\vendor\laravel\framework\src\Illuminate\Cookie\Middleware\EncryptCookies.php(74): Illuminate\Pipeline\Pipeline->Illuminate\Pipeline\{closure}(Object(Illuminate\Http\Request))
#33 C:\xampp\htdocs\laravel\laravel\vendor\laravel\framework\src\Illuminate\Pipeline\Pipeline.php(219): Illuminate\Cookie\Middleware\EncryptCookies->handle(Object(Illuminate\Http\Request), Object(Closure))
#34 C:\xampp\htdocs\laravel\laravel\vendor\laravel\framework\src\Illuminate\Pipeline\Pipeline.php(137): Illuminate\Pipeline\Pipeline->Illuminate\Pipeline\{closure}(Object(Illuminate\Http\Request))
#35 C:\xampp\htdocs\laravel\laravel\vendor\laravel\framework\src\Illuminate\Routing\Router.php(821): Illuminate\Pipeline\Pipeline->then(Object(Closure))
#36 C:\xampp\htdocs\laravel\laravel\vendor\laravel\framework\src\Illuminate\Routing\Router.php(800): Illuminate\Routing\Router->runRouteWithinStack(Object(Illuminate\Routing\Route), Object(Illuminate\Http\Request))
#37 C:\xampp\htdocs\laravel\laravel\vendor\laravel\framework\src\Illuminate\Routing\Router.php(764): Illuminate\Routing\Router->runRoute(Object(Illuminate\Http\Request), Object(Illuminate\Routing\Route))
#38 C:\xampp\htdocs\laravel\laravel\vendor\laravel\framework\src\Illuminate\Routing\Router.php(753): Illuminate\Routing\Router->dispatchToRoute(Object(Illuminate\Http\Request))
#39 C:\xampp\htdocs\laravel\laravel\vendor\laravel\framework\src\Illuminate\Foundation\Http\Kernel.php(200): Illuminate\Routing\Router->dispatch(Object(Illuminate\Http\Request))
#40 C:\xampp\htdocs\laravel\laravel\vendor\laravel\framework\src\Illuminate\Pipeline\Pipeline.php(180): Illuminate\Foundation\Http\Kernel->Illuminate\Foundation\Http\{closure}(Object(Illuminate\Http\Request))
#41 C:\xampp\htdocs\laravel\laravel\vendor\inertiajs\inertia-laravel\src\Middleware\EnsureGetOnRedirect.php(19): Illuminate\Pipeline\Pipeline->Illuminate\Pipeline\{closure}(Object(Illuminate\Http\Request))
#42 C:\xampp\htdocs\laravel\laravel\vendor\laravel\framework\src\Illuminate\Pipeline\Pipeline.php(219): Inertia\Middleware\EnsureGetOnRedirect->handle(Object(Illuminate\Http\Request), Object(Closure))
#43 C:\xampp\htdocs\laravel\laravel\app\Http\Middleware\SecurityHeaders.php(13): Illuminate\Pipeline\Pipeline->Illuminate\Pipeline\{closure}(Object(Illuminate\Http\Request))
#44 C:\xampp\htdocs\laravel\laravel\vendor\laravel\framework\src\Illuminate\Pipeline\Pipeline.php(219): App\Http\Middleware\SecurityHeaders->handle(Object(Illuminate\Http\Request), Object(Closure))
#45 C:\xampp\htdocs\laravel\laravel\vendor\laravel\framework\src\Illuminate\Foundation\Http\Middleware\TransformsRequest.php(21): Illuminate\Pipeline\Pipeline->Illuminate\Pipeline\{closure}(Object(Illuminate\Http\Request))
#46 C:\xampp\htdocs\laravel\laravel\vendor\laravel\framework\src\Illuminate\Foundation\Http\Middleware\ConvertEmptyStringsToNull.php(31): Illuminate\Foundation\Http\Middleware\TransformsRequest->handle(Object(Illuminate\Http\Request), Object(Closure))
#47 C:\xampp\htdocs\laravel\laravel\vendor\laravel\framework\src\Illuminate\Pipeline\Pipeline.php(219): Illuminate\Foundation\Http\Middleware\ConvertEmptyStringsToNull->handle(Object(Illuminate\Http\Request), Object(Closure))
#48 C:\xampp\htdocs\laravel\laravel\vendor\laravel\framework\src\Illuminate\Foundation\Http\Middleware\TransformsRequest.php(21): Illuminate\Pipeline\Pipeline->Illuminate\Pipeline\{closure}(Object(Illuminate\Http\Request))
#49 C:\xampp\htdocs\laravel\laravel\vendor\laravel\framework\src\Illuminate\Foundation\Http\Middleware\TrimStrings.php(51): Illuminate\Foundation\Http\Middleware\TransformsRequest->handle(Object(Illuminate\Http\Request), Object(Closure))
#50 C:\xampp\htdocs\laravel\laravel\vendor\laravel\framework\src\Illuminate\Pipeline\Pipeline.php(219): Illuminate\Foundation\Http\Middleware\TrimStrings->handle(Object(Illuminate\Http\Request), Object(Closure))
#51 C:\xampp\htdocs\laravel\laravel\vendor\laravel\framework\src\Illuminate\Http\Middleware\ValidatePostSize.php(27): Illuminate\Pipeline\Pipeline->Illuminate\Pipeline\{closure}(Object(Illuminate\Http\Request))
#52 C:\xampp\htdocs\laravel\laravel\vendor\laravel\framework\src\Illuminate\Pipeline\Pipeline.php(219): Illuminate\Http\Middleware\ValidatePostSize->handle(Object(Illuminate\Http\Request), Object(Closure))
#53 C:\xampp\htdocs\laravel\laravel\vendor\laravel\framework\src\Illuminate\Foundation\Http\Middleware\PreventRequestsDuringMaintenance.php(109): Illuminate\Pipeline\Pipeline->Illuminate\Pipeline\{closure}(Object(Illuminate\Http\Request))
#54 C:\xampp\htdocs\laravel\laravel\vendor\laravel\framework\src\Illuminate\Pipeline\Pipeline.php(219): Illuminate\Foundation\Http\Middleware\PreventRequestsDuringMaintenance->handle(Object(Illuminate\Http\Request), Object(Closure))
#55 C:\xampp\htdocs\laravel\laravel\vendor\laravel\framework\src\Illuminate\Http\Middleware\HandleCors.php(61): Illuminate\Pipeline\Pipeline->Illuminate\Pipeline\{closure}(Object(Illuminate\Http\Request))
#56 C:\xampp\htdocs\laravel\laravel\vendor\laravel\framework\src\Illuminate\Pipeline\Pipeline.php(219): Illuminate\Http\Middleware\HandleCors->handle(Object(Illuminate\Http\Request), Object(Closure))
#57 C:\xampp\htdocs\laravel\laravel\vendor\laravel\framework\src\Illuminate\Http\Middleware\TrustProxies.php(58): Illuminate\Pipeline\Pipeline->Illuminate\Pipeline\{closure}(Object(Illuminate\Http\Request))
#58 C:\xampp\htdocs\laravel\laravel\vendor\laravel\framework\src\Illuminate\Pipeline\Pipeline.php(219): Illuminate\Http\Middleware\TrustProxies->handle(Object(Illuminate\Http\Request), Object(Closure))
#59 C:\xampp\htdocs\laravel\laravel\vendor\laravel\framework\src\Illuminate\Foundation\Http\Middleware\InvokeDeferredCallbacks.php(22): Illuminate\Pipeline\Pipeline->Illuminate\Pipeline\{closure}(Object(Illuminate\Http\Request))
#60 C:\xampp\htdocs\laravel\laravel\vendor\laravel\framework\src\Illuminate\Pipeline\Pipeline.php(219): Illuminate\Foundation\Http\Middleware\InvokeDeferredCallbacks->handle(Object(Illuminate\Http\Request), Object(Closure))
#61 C:\xampp\htdocs\laravel\laravel\vendor\laravel\framework\src\Illuminate\Http\Middleware\ValidatePathEncoding.php(26): Illuminate\Pipeline\Pipeline->Illuminate\Pipeline\{closure}(Object(Illuminate\Http\Request))
#62 C:\xampp\htdocs\laravel\laravel\vendor\laravel\framework\src\Illuminate\Pipeline\Pipeline.php(219): Illuminate\Http\Middleware\ValidatePathEncoding->handle(Object(Illuminate\Http\Request), Object(Closure))
#63 C:\xampp\htdocs\laravel\laravel\vendor\laravel\framework\src\Illuminate\Pipeline\Pipeline.php(137): Illuminate\Pipeline\Pipeline->Illuminate\Pipeline\{closure}(Object(Illuminate\Http\Request))
#64 C:\xampp\htdocs\laravel\laravel\vendor\laravel\framework\src\Illuminate\Foundation\Http\Kernel.php(175): Illuminate\Pipeline\Pipeline->then(Object(Closure))
#65 C:\xampp\htdocs\laravel\laravel\vendor\laravel\framework\src\Illuminate\Foundation\Http\Kernel.php(144): Illuminate\Foundation\Http\Kernel->sendRequestThroughRouter(Object(Illuminate\Http\Request))
#66 C:\xampp\htdocs\laravel\laravel\vendor\laravel\framework\src\Illuminate\Foundation\Testing\Concerns\MakesHttpRequests.php(607): Illuminate\Foundation\Http\Kernel->handle(Object(Illuminate\Http\Request))
#67 C:\xampp\htdocs\laravel\laravel\vendor\laravel\framework\src\Illuminate\Foundation\Testing\Concerns\MakesHttpRequests.php(368): Illuminate\Foundation\Testing\TestCase->call('GET', 'http://localhos...', Array, Array, Array, Array)
#68 C:\xampp\htdocs\laravel\laravel\tests\Feature\VisitPreviewTest.php(85): Illuminate\Foundation\Testing\TestCase->get('http://localhos...')
#69 C:\xampp\htdocs\laravel\laravel\vendor\phpunit\phpunit\src\Framework\TestCase.php(1667): Tests\Feature\VisitPreviewTest->test_visit_preview_page_loads_for_opd_visit()
#70 C:\xampp\htdocs\laravel\laravel\vendor\phpunit\phpunit\src\Framework\TestCase.php(519): PHPUnit\Framework\TestCase->runTest()
#71 C:\xampp\htdocs\laravel\laravel\vendor\phpunit\phpunit\src\Framework\TestRunner\TestRunner.php(87): PHPUnit\Framework\TestCase->runBare()
#72 C:\xampp\htdocs\laravel\laravel\vendor\phpunit\phpunit\src\Framework\TestCase.php(365): PHPUnit\Framework\TestRunner->run(Object(Tests\Feature\VisitPreviewTest))
#73 C:\xampp\htdocs\laravel\laravel\vendor\phpunit\phpunit\src\Framework\TestSuite.php(369): PHPUnit\Framework\TestCase->run()
#74 C:\xampp\htdocs\laravel\laravel\vendor\phpunit\phpunit\src\Framework\TestSuite.php(369): PHPUnit\Framework\TestSuite->run()
#75 C:\xampp\htdocs\laravel\laravel\vendor\phpunit\phpunit\src\Framework\TestSuite.php(369): PHPUnit\Framework\TestSuite->run()
#76 C:\xampp\htdocs\laravel\laravel\vendor\phpunit\phpunit\src\TextUI\TestRunner.php(64): PHPUnit\Framework\TestSuite->run()
#77 C:\xampp\htdocs\laravel\laravel\vendor\phpunit\phpunit\src\TextUI\Application.php(211): PHPUnit\TextUI\TestRunner->run(Object(PHPUnit\TextUI\Configuration\Configuration), Object(PHPUnit\Runner\ResultCache\DefaultResultCache), Object(PHPUnit\Framework\TestSuite))
#78 C:\xampp\htdocs\laravel\laravel\vendor\phpunit\phpunit\phpunit(104): PHPUnit\TextUI\Application->run(Array)
#79 {main}

----------------------------------------------------------------------------------

Undefined variable $preview (View: C:\xampp\htdocs\laravel\laravel\resources\views\visits\preview.blade.php)

  at tests\Feature\VisitPreviewTest.php:87
     83▕ 
     84▕         $response = $this->actingAs($this->user)
     85▕             ->get(route('admin.visits.preview', $this->visit));
     86▕ 
  ➜  87▕         $response->assertStatus(200);
     88▕         $response->assertSee($this->visit->visit_number);
     89▕         $response->assertSee($this->visit->patient->full_name);
     90▕     }
     91▕

  ────────────────────────────────────────────────────────────────────────────  
   FAILED  Tests\Feature\VisitPreviewTest > visit preview page loads for eme…   
  Expected response status code [200] but received 500.
Failed asserting that 500 is identical to 200.

The following exception occurred during the last request:

ErrorException: Undefined variable $preview in C:\xampp\htdocs\laravel\laravel\storage\framework\views\8af33dbefa0023ba105633b3c90f5df5.php:80
Stack trace:
#0 C:\xampp\htdocs\laravel\laravel\vendor\laravel\framework\src\Illuminate\Foundation\Bootstrap\HandleExceptions.php(258): Illuminate\Foundation\Bootstrap\HandleExceptions->handleError(2, 'Undefined varia...', 'C:\\xampp\\htdocs...', 80)
#1 C:\xampp\htdocs\laravel\laravel\storage\framework\views\8af33dbefa0023ba105633b3c90f5df5.php(80): Illuminate\Foundation\Bootstrap\HandleExceptions->Illuminate\Foundation\Bootstrap\{closure}(2, 'Undefined varia...', 'C:\\xampp\\htdocs...', 80)
#2 C:\xampp\htdocs\laravel\laravel\vendor\laravel\framework\src\Illuminate\Filesystem\Filesystem.php(123): require('C:\\xampp\\htdocs...')
#3 C:\xampp\htdocs\laravel\laravel\vendor\laravel\framework\src\Illuminate\Filesystem\Filesystem.php(124): Illuminate\Filesystem\Filesystem::Illuminate\Filesystem\{closure}()
#4 C:\xampp\htdocs\laravel\laravel\vendor\laravel\framework\src\Illuminate\View\Engines\PhpEngine.php(57): Illuminate\Filesystem\Filesystem->getRequire('C:\\xampp\\htdocs...', Array)
#5 C:\xampp\htdocs\laravel\laravel\vendor\laravel\framework\src\Illuminate\View\Engines\CompilerEngine.php(76): Illuminate\View\Engines\PhpEngine->evaluatePath('C:\\xampp\\htdocs...', Array)
#6 C:\xampp\htdocs\laravel\laravel\vendor\laravel\framework\src\Illuminate\View\View.php(208): Illuminate\View\Engines\CompilerEngine->get('C:\\xampp\\htdocs...', Array)
#7 C:\xampp\htdocs\laravel\laravel\vendor\laravel\framework\src\Illuminate\View\View.php(191): Illuminate\View\View->getContents()
#8 C:\xampp\htdocs\laravel\laravel\vendor\laravel\framework\src\Illuminate\View\View.php(160): Illuminate\View\View->renderContents()
#9 C:\xampp\htdocs\laravel\laravel\vendor\laravel\framework\src\Illuminate\Http\Response.php(78): Illuminate\View\View->render()
#10 C:\xampp\htdocs\laravel\laravel\vendor\laravel\framework\src\Illuminate\Http\Response.php(34): Illuminate\Http\Response->setContent(Object(Illuminate\View\View))
#11 C:\xampp\htdocs\laravel\laravel\vendor\laravel\framework\src\Illuminate\Routing\Router.php(939): Illuminate\Http\Response->__construct(Object(Illuminate\View\View), 200, Array)
#12 C:\xampp\htdocs\laravel\laravel\vendor\laravel\framework\src\Illuminate\Routing\Router.php(906): Illuminate\Routing\Router::toResponse(Object(Illuminate\Http\Request), Object(Illuminate\View\View))
#13 C:\xampp\htdocs\laravel\laravel\vendor\laravel\framework\src\Illuminate\Routing\Router.php(821): Illuminate\Routing\Router->prepareResponse(Object(Illuminate\Http\Request), Object(Illuminate\View\View))
#14 C:\xampp\htdocs\laravel\laravel\vendor\laravel\framework\src\Illuminate\Pipeline\Pipeline.php(180): Illuminate\Routing\Router->Illuminate\Routing\{closure}(Object(Illuminate\Http\Request))
#15 C:\xampp\htdocs\laravel\laravel\vendor\laravel\framework\src\Illuminate\Auth\Middleware\Authorize.php(59): Illuminate\Pipeline\Pipeline->Illuminate\Pipeline\{closure}(Object(Illuminate\Http\Request))
#16 C:\xampp\htdocs\laravel\laravel\vendor\laravel\framework\src\Illuminate\Pipeline\Pipeline.php(219): Illuminate\Auth\Middleware\Authorize->handle(Object(Illuminate\Http\Request), Object(Closure), 'visits.preview')
#17 C:\xampp\htdocs\laravel\laravel\vendor\laravel\framework\src\Illuminate\Auth\Middleware\Authorize.php(59): Illuminate\Pipeline\Pipeline->Illuminate\Pipeline\{closure}(Object(Illuminate\Http\Request))
#18 C:\xampp\htdocs\laravel\laravel\vendor\laravel\framework\src\Illuminate\Pipeline\Pipeline.php(219): Illuminate\Auth\Middleware\Authorize->handle(Object(Illuminate\Http\Request), Object(Closure), 'visits.view')
#19 C:\xampp\htdocs\laravel\laravel\app\Http\Middleware\ConvertBladeViewsToInertia.php(14): Illuminate\Pipeline\Pipeline->Illuminate\Pipeline\{closure}(Object(Illuminate\Http\Request))
#20 C:\xampp\htdocs\laravel\laravel\vendor\laravel\framework\src\Illuminate\Pipeline\Pipeline.php(219): App\Http\Middleware\ConvertBladeViewsToInertia->handle(Object(Illuminate\Http\Request), Object(Closure))
#21 C:\xampp\htdocs\laravel\laravel\vendor\inertiajs\inertia-laravel\src\Middleware.php(138): Illuminate\Pipeline\Pipeline->Illuminate\Pipeline\{closure}(Object(Illuminate\Http\Request))
#22 C:\xampp\htdocs\laravel\laravel\vendor\laravel\framework\src\Illuminate\Pipeline\Pipeline.php(219): Inertia\Middleware->handle(Object(Illuminate\Http\Request), Object(Closure))
#23 C:\xampp\htdocs\laravel\laravel\vendor\laravel\framework\src\Illuminate\Routing\Middleware\SubstituteBindings.php(50): Illuminate\Pipeline\Pipeline->Illuminate\Pipeline\{closure}(Object(Illuminate\Http\Request))
#24 C:\xampp\htdocs\laravel\laravel\vendor\laravel\framework\src\Illuminate\Pipeline\Pipeline.php(219): Illuminate\Routing\Middleware\SubstituteBindings->handle(Object(Illuminate\Http\Request), Object(Closure))
#25 C:\xampp\htdocs\laravel\laravel\vendor\laravel\framework\src\Illuminate\Auth\Middleware\Authenticate.php(63): Illuminate\Pipeline\Pipeline->Illuminate\Pipeline\{closure}(Object(Illuminate\Http\Request))
#26 C:\xampp\htdocs\laravel\laravel\vendor\laravel\framework\src\Illuminate\Pipeline\Pipeline.php(219): Illuminate\Auth\Middleware\Authenticate->handle(Object(Illuminate\Http\Request), Object(Closure))
#27 C:\xampp\htdocs\laravel\laravel\vendor\laravel\framework\src\Illuminate\Foundation\Http\Middleware\VerifyCsrfToken.php(87): Illuminate\Pipeline\Pipeline->Illuminate\Pipeline\{closure}(Object(Illuminate\Http\Request))
#28 C:\xampp\htdocs\laravel\laravel\vendor\laravel\framework\src\Illuminate\Pipeline\Pipeline.php(219): Illuminate\Foundation\Http\Middleware\VerifyCsrfToken->handle(Object(Illuminate\Http\Request), Object(Closure))
#29 C:\xampp\htdocs\laravel\laravel\vendor\laravel\framework\src\Illuminate\View\Middleware\ShareErrorsFromSession.php(48): Illuminate\Pipeline\Pipeline->Illuminate\Pipeline\{closure}(Object(Illuminate\Http\Request))
#30 C:\xampp\htdocs\laravel\laravel\vendor\laravel\framework\src\Illuminate\Pipeline\Pipeline.php(219): Illuminate\View\Middleware\ShareErrorsFromSession->handle(Object(Illuminate\Http\Request), Object(Closure))
#31 C:\xampp\htdocs\laravel\laravel\vendor\laravel\framework\src\Illuminate\Session\Middleware\StartSession.php(120): Illuminate\Pipeline\Pipeline->Illuminate\Pipeline\{closure}(Object(Illuminate\Http\Request))
#32 C:\xampp\htdocs\laravel\laravel\vendor\laravel\framework\src\Illuminate\Session\Middleware\StartSession.php(63): Illuminate\Session\Middleware\StartSession->handleStatefulRequest(Object(Illuminate\Http\Request), Object(Illuminate\Session\Store), Object(Closure))
#33 C:\xampp\htdocs\laravel\laravel\vendor\laravel\framework\src\Illuminate\Pipeline\Pipeline.php(219): Illuminate\Session\Middleware\StartSession->handle(Object(Illuminate\Http\Request), Object(Closure))
#34 C:\xampp\htdocs\laravel\laravel\vendor\laravel\framework\src\Illuminate\Cookie\Middleware\AddQueuedCookiesToResponse.php(36): Illuminate\Pipeline\Pipeline->Illuminate\Pipeline\{closure}(Object(Illuminate\Http\Request))
#35 C:\xampp\htdocs\laravel\laravel\vendor\laravel\framework\src\Illuminate\Pipeline\Pipeline.php(219): Illuminate\Cookie\Middleware\AddQueuedCookiesToResponse->handle(Object(Illuminate\Http\Request), Object(Closure))
#36 C:\xampp\htdocs\laravel\laravel\vendor\laravel\framework\src\Illuminate\Cookie\Middleware\EncryptCookies.php(74): Illuminate\Pipeline\Pipeline->Illuminate\Pipeline\{closure}(Object(Illuminate\Http\Request))
#37 C:\xampp\htdocs\laravel\laravel\vendor\laravel\framework\src\Illuminate\Pipeline\Pipeline.php(219): Illuminate\Cookie\Middleware\EncryptCookies->handle(Object(Illuminate\Http\Request), Object(Closure))
#38 C:\xampp\htdocs\laravel\laravel\vendor\laravel\framework\src\Illuminate\Pipeline\Pipeline.php(137): Illuminate\Pipeline\Pipeline->Illuminate\Pipeline\{closure}(Object(Illuminate\Http\Request))
#39 C:\xampp\htdocs\laravel\laravel\vendor\laravel\framework\src\Illuminate\Routing\Router.php(821): Illuminate\Pipeline\Pipeline->then(Object(Closure))
#40 C:\xampp\htdocs\laravel\laravel\vendor\laravel\framework\src\Illuminate\Routing\Router.php(800): Illuminate\Routing\Router->runRouteWithinStack(Object(Illuminate\Routing\Route), Object(Illuminate\Http\Request))
#41 C:\xampp\htdocs\laravel\laravel\vendor\laravel\framework\src\Illuminate\Routing\Router.php(764): Illuminate\Routing\Router->runRoute(Object(Illuminate\Http\Request), Object(Illuminate\Routing\Route))
#42 C:\xampp\htdocs\laravel\laravel\vendor\laravel\framework\src\Illuminate\Routing\Router.php(753): Illuminate\Routing\Router->dispatchToRoute(Object(Illuminate\Http\Request))
#43 C:\xampp\htdocs\laravel\laravel\vendor\laravel\framework\src\Illuminate\Foundation\Http\Kernel.php(200): Illuminate\Routing\Router->dispatch(Object(Illuminate\Http\Request))
#44 C:\xampp\htdocs\laravel\laravel\vendor\laravel\framework\src\Illuminate\Pipeline\Pipeline.php(180): Illuminate\Foundation\Http\Kernel->Illuminate\Foundation\Http\{closure}(Object(Illuminate\Http\Request))
#45 C:\xampp\htdocs\laravel\laravel\vendor\inertiajs\inertia-laravel\src\Middleware\EnsureGetOnRedirect.php(19): Illuminate\Pipeline\Pipeline->Illuminate\Pipeline\{closure}(Object(Illuminate\Http\Request))
#46 C:\xampp\htdocs\laravel\laravel\vendor\laravel\framework\src\Illuminate\Pipeline\Pipeline.php(219): Inertia\Middleware\EnsureGetOnRedirect->handle(Object(Illuminate\Http\Request), Object(Closure))
#47 C:\xampp\htdocs\laravel\laravel\app\Http\Middleware\SecurityHeaders.php(13): Illuminate\Pipeline\Pipeline->Illuminate\Pipeline\{closure}(Object(Illuminate\Http\Request))
#48 C:\xampp\htdocs\laravel\laravel\vendor\laravel\framework\src\Illuminate\Pipeline\Pipeline.php(219): App\Http\Middleware\SecurityHeaders->handle(Object(Illuminate\Http\Request), Object(Closure))
#49 C:\xampp\htdocs\laravel\laravel\vendor\laravel\framework\src\Illuminate\Foundation\Http\Middleware\TransformsRequest.php(21): Illuminate\Pipeline\Pipeline->Illuminate\Pipeline\{closure}(Object(Illuminate\Http\Request))
#50 C:\xampp\htdocs\laravel\laravel\vendor\laravel\framework\src\Illuminate\Foundation\Http\Middleware\ConvertEmptyStringsToNull.php(31): Illuminate\Foundation\Http\Middleware\TransformsRequest->handle(Object(Illuminate\Http\Request), Object(Closure))
#51 C:\xampp\htdocs\laravel\laravel\vendor\laravel\framework\src\Illuminate\Pipeline\Pipeline.php(219): Illuminate\Foundation\Http\Middleware\ConvertEmptyStringsToNull->handle(Object(Illuminate\Http\Request), Object(Closure))
#52 C:\xampp\htdocs\laravel\laravel\vendor\laravel\framework\src\Illuminate\Foundation\Http\Middleware\TransformsRequest.php(21): Illuminate\Pipeline\Pipeline->Illuminate\Pipeline\{closure}(Object(Illuminate\Http\Request))
#53 C:\xampp\htdocs\laravel\laravel\vendor\laravel\framework\src\Illuminate\Foundation\Http\Middleware\TrimStrings.php(51): Illuminate\Foundation\Http\Middleware\TransformsRequest->handle(Object(Illuminate\Http\Request), Object(Closure))
#54 C:\xampp\htdocs\laravel\laravel\vendor\laravel\framework\src\Illuminate\Pipeline\Pipeline.php(219): Illuminate\Foundation\Http\Middleware\TrimStrings->handle(Object(Illuminate\Http\Request), Object(Closure))
#55 C:\xampp\htdocs\laravel\laravel\vendor\laravel\framework\src\Illuminate\Http\Middleware\ValidatePostSize.php(27): Illuminate\Pipeline\Pipeline->Illuminate\Pipeline\{closure}(Object(Illuminate\Http\Request))
#56 C:\xampp\htdocs\laravel\laravel\vendor\laravel\framework\src\Illuminate\Pipeline\Pipeline.php(219): Illuminate\Http\Middleware\ValidatePostSize->handle(Object(Illuminate\Http\Request), Object(Closure))
#57 C:\xampp\htdocs\laravel\laravel\vendor\laravel\framework\src\Illuminate\Foundation\Http\Middleware\PreventRequestsDuringMaintenance.php(109): Illuminate\Pipeline\Pipeline->Illuminate\Pipeline\{closure}(Object(Illuminate\Http\Request))
#58 C:\xampp\htdocs\laravel\laravel\vendor\laravel\framework\src\Illuminate\Pipeline\Pipeline.php(219): Illuminate\Foundation\Http\Middleware\PreventRequestsDuringMaintenance->handle(Object(Illuminate\Http\Request), Object(Closure))
#59 C:\xampp\htdocs\laravel\laravel\vendor\laravel\framework\src\Illuminate\Http\Middleware\HandleCors.php(61): Illuminate\Pipeline\Pipeline->Illuminate\Pipeline\{closure}(Object(Illuminate\Http\Request))
#60 C:\xampp\htdocs\laravel\laravel\vendor\laravel\framework\src\Illuminate\Pipeline\Pipeline.php(219): Illuminate\Http\Middleware\HandleCors->handle(Object(Illuminate\Http\Request), Object(Closure))
#61 C:\xampp\htdocs\laravel\laravel\vendor\laravel\framework\src\Illuminate\Http\Middleware\TrustProxies.php(58): Illuminate\Pipeline\Pipeline->Illuminate\Pipeline\{closure}(Object(Illuminate\Http\Request))
#62 C:\xampp\htdocs\laravel\laravel\vendor\laravel\framework\src\Illuminate\Pipeline\Pipeline.php(219): Illuminate\Http\Middleware\TrustProxies->handle(Object(Illuminate\Http\Request), Object(Closure))
#63 C:\xampp\htdocs\laravel\laravel\vendor\laravel\framework\src\Illuminate\Foundation\Http\Middleware\InvokeDeferredCallbacks.php(22): Illuminate\Pipeline\Pipeline->Illuminate\Pipeline\{closure}(Object(Illuminate\Http\Request))
#64 C:\xampp\htdocs\laravel\laravel\vendor\laravel\framework\src\Illuminate\Pipeline\Pipeline.php(219): Illuminate\Foundation\Http\Middleware\InvokeDeferredCallbacks->handle(Object(Illuminate\Http\Request), Object(Closure))
#65 C:\xampp\htdocs\laravel\laravel\vendor\laravel\framework\src\Illuminate\Http\Middleware\ValidatePathEncoding.php(26): Illuminate\Pipeline\Pipeline->Illuminate\Pipeline\{closure}(Object(Illuminate\Http\Request))
#66 C:\xampp\htdocs\laravel\laravel\vendor\laravel\framework\src\Illuminate\Pipeline\Pipeline.php(219): Illuminate\Http\Middleware\ValidatePathEncoding->handle(Object(Illuminate\Http\Request), Object(Closure))
#67 C:\xampp\htdocs\laravel\laravel\vendor\laravel\framework\src\Illuminate\Pipeline\Pipeline.php(137): Illuminate\Pipeline\Pipeline->Illuminate\Pipeline\{closure}(Object(Illuminate\Http\Request))
#68 C:\xampp\htdocs\laravel\laravel\vendor\laravel\framework\src\Illuminate\Foundation\Http\Kernel.php(175): Illuminate\Pipeline\Pipeline->then(Object(Closure))
#69 C:\xampp\htdocs\laravel\laravel\vendor\laravel\framework\src\Illuminate\Foundation\Http\Kernel.php(144): Illuminate\Foundation\Http\Kernel->sendRequestThroughRouter(Object(Illuminate\Http\Request))
#70 C:\xampp\htdocs\laravel\laravel\vendor\laravel\framework\src\Illuminate\Foundation\Testing\Concerns\MakesHttpRequests.php(607): Illuminate\Foundation\Http\Kernel->handle(Object(Illuminate\Http\Request))
#71 C:\xampp\htdocs\laravel\laravel\vendor\laravel\framework\src\Illuminate\Foundation\Testing\Concerns\MakesHttpRequests.php(368): Illuminate\Foundation\Testing\TestCase->call('GET', 'http://localhos...', Array, Array, Array, Array)
#72 C:\xampp\htdocs\laravel\laravel\tests\Feature\VisitPreviewTest.php(97): Illuminate\Foundation\Testing\TestCase->get('http://localhos...')
#73 C:\xampp\htdocs\laravel\laravel\vendor\phpunit\phpunit\src\Framework\TestCase.php(1667): Tests\Feature\VisitPreviewTest->test_visit_preview_page_loads_for_emergency_visit()
#74 C:\xampp\htdocs\laravel\laravel\vendor\phpunit\phpunit\src\Framework\TestCase.php(519): PHPUnit\Framework\TestCase->runTest()
#75 C:\xampp\htdocs\laravel\laravel\vendor\phpunit\phpunit\src\Framework\TestRunner\TestRunner.php(87): PHPUnit\Framework\TestCase->runBare()
#76 C:\xampp\htdocs\laravel\laravel\vendor\phpunit\phpunit\src\Framework\TestCase.php(365): PHPUnit\Framework\TestRunner->run(Object(Tests\Feature\VisitPreviewTest))
#77 C:\xampp\htdocs\laravel\laravel\vendor\phpunit\phpunit\src\Framework\TestSuite.php(369): PHPUnit\Framework\TestCase->run()
#78 C:\xampp\htdocs\laravel\laravel\vendor\phpunit\phpunit\src\Framework\TestSuite.php(369): PHPUnit\Framework\TestSuite->run()
#79 C:\xampp\htdocs\laravel\laravel\vendor\phpunit\phpunit\src\Framework\TestSuite.php(369): PHPUnit\Framework\TestSuite->run()
#80 C:\xampp\htdocs\laravel\laravel\vendor\phpunit\phpunit\src\TextUI\TestRunner.php(64): PHPUnit\Framework\TestSuite->run()
#81 C:\xampp\htdocs\laravel\laravel\vendor\phpunit\phpunit\src\TextUI\Application.php(211): PHPUnit\TextUI\TestRunner->run(Object(PHPUnit\TextUI\Configuration\Configuration), Object(PHPUnit\Runner\ResultCache\DefaultResultCache), Object(PHPUnit\Framework\TestSuite))
#82 C:\xampp\htdocs\laravel\laravel\vendor\phpunit\phpunit\phpunit(104): PHPUnit\TextUI\Application->run(Array)
#83 {main}

Next Illuminate\View\ViewException: Undefined variable $preview (View: C:\xampp\htdocs\laravel\laravel\resources\views\visits\preview.blade.php) in C:\xampp\htdocs\laravel\laravel\storage\framework\views\8af33dbefa0023ba105633b3c90f5df5.php:80
Stack trace:
#0 C:\xampp\htdocs\laravel\laravel\vendor\laravel\framework\src\Illuminate\View\Engines\PhpEngine.php(59): Illuminate\View\Engines\CompilerEngine->handleViewException(Object(ErrorException), 1)
#1 C:\xampp\htdocs\laravel\laravel\vendor\laravel\framework\src\Illuminate\View\Engines\CompilerEngine.php(76): Illuminate\View\Engines\PhpEngine->evaluatePath('C:\\xampp\\htdocs...', Array)
#2 C:\xampp\htdocs\laravel\laravel\vendor\laravel\framework\src\Illuminate\View\View.php(208): Illuminate\View\Engines\CompilerEngine->get('C:\\xampp\\htdocs...', Array)
#3 C:\xampp\htdocs\laravel\laravel\vendor\laravel\framework\src\Illuminate\View\View.php(191): Illuminate\View\View->getContents()
#4 C:\xampp\htdocs\laravel\laravel\vendor\laravel\framework\src\Illuminate\View\View.php(160): Illuminate\View\View->renderContents()
#5 C:\xampp\htdocs\laravel\laravel\vendor\laravel\framework\src\Illuminate\Http\Response.php(78): Illuminate\View\View->render()
#6 C:\xampp\htdocs\laravel\laravel\vendor\laravel\framework\src\Illuminate\Http\Response.php(34): Illuminate\Http\Response->setContent(Object(Illuminate\View\View))
#7 C:\xampp\htdocs\laravel\laravel\vendor\laravel\framework\src\Illuminate\Routing\Router.php(939): Illuminate\Http\Response->__construct(Object(Illuminate\View\View), 200, Array)
#8 C:\xampp\htdocs\laravel\laravel\vendor\laravel\framework\src\Illuminate\Routing\Router.php(906): Illuminate\Routing\Router::toResponse(Object(Illuminate\Http\Request), Object(Illuminate\View\View))
#9 C:\xampp\htdocs\laravel\laravel\vendor\laravel\framework\src\Illuminate\Routing\Router.php(821): Illuminate\Routing\Router->prepareResponse(Object(Illuminate\Http\Request), Object(Illuminate\View\View))
#10 C:\xampp\htdocs\laravel\laravel\vendor\laravel\framework\src\Illuminate\Pipeline\Pipeline.php(180): Illuminate\Routing\Router->Illuminate\Routing\{closure}(Object(Illuminate\Http\Request))
#11 C:\xampp\htdocs\laravel\laravel\vendor\laravel\framework\src\Illuminate\Auth\Middleware\Authorize.php(59): Illuminate\Pipeline\Pipeline->Illuminate\Pipeline\{closure}(Object(Illuminate\Http\Request))
#12 C:\xampp\htdocs\laravel\laravel\vendor\laravel\framework\src\Illuminate\Pipeline\Pipeline.php(219): Illuminate\Auth\Middleware\Authorize->handle(Object(Illuminate\Http\Request), Object(Closure), 'visits.preview')
#13 C:\xampp\htdocs\laravel\laravel\vendor\laravel\framework\src\Illuminate\Auth\Middleware\Authorize.php(59): Illuminate\Pipeline\Pipeline->Illuminate\Pipeline\{closure}(Object(Illuminate\Http\Request))
#14 C:\xampp\htdocs\laravel\laravel\vendor\laravel\framework\src\Illuminate\Pipeline\Pipeline.php(219): Illuminate\Auth\Middleware\Authorize->handle(Object(Illuminate\Http\Request), Object(Closure), 'visits.view')
#15 C:\xampp\htdocs\laravel\laravel\app\Http\Middleware\ConvertBladeViewsToInertia.php(14): Illuminate\Pipeline\Pipeline->Illuminate\Pipeline\{closure}(Object(Illuminate\Http\Request))
#16 C:\xampp\htdocs\laravel\laravel\vendor\laravel\framework\src\Illuminate\Pipeline\Pipeline.php(219): App\Http\Middleware\ConvertBladeViewsToInertia->handle(Object(Illuminate\Http\Request), Object(Closure))
#17 C:\xampp\htdocs\laravel\laravel\vendor\inertiajs\inertia-laravel\src\Middleware.php(138): Illuminate\Pipeline\Pipeline->Illuminate\Pipeline\{closure}(Object(Illuminate\Http\Request))
#18 C:\xampp\htdocs\laravel\laravel\vendor\laravel\framework\src\Illuminate\Pipeline\Pipeline.php(219): Inertia\Middleware->handle(Object(Illuminate\Http\Request), Object(Closure))
#19 C:\xampp\htdocs\laravel\laravel\vendor\laravel\framework\src\Illuminate\Routing\Middleware\SubstituteBindings.php(50): Illuminate\Pipeline\Pipeline->Illuminate\Pipeline\{closure}(Object(Illuminate\Http\Request))
#20 C:\xampp\htdocs\laravel\laravel\vendor\laravel\framework\src\Illuminate\Pipeline\Pipeline.php(219): Illuminate\Routing\Middleware\SubstituteBindings->handle(Object(Illuminate\Http\Request), Object(Closure))
#21 C:\xampp\htdocs\laravel\laravel\vendor\laravel\framework\src\Illuminate\Auth\Middleware\Authenticate.php(63): Illuminate\Pipeline\Pipeline->Illuminate\Pipeline\{closure}(Object(Illuminate\Http\Request))
#22 C:\xampp\htdocs\laravel\laravel\vendor\laravel\framework\src\Illuminate\Pipeline\Pipeline.php(219): Illuminate\Auth\Middleware\Authenticate->handle(Object(Illuminate\Http\Request), Object(Closure))
#23 C:\xampp\htdocs\laravel\laravel\vendor\laravel\framework\src\Illuminate\Foundation\Http\Middleware\VerifyCsrfToken.php(87): Illuminate\Pipeline\Pipeline->Illuminate\Pipeline\{closure}(Object(Illuminate\Http\Request))
#24 C:\xampp\htdocs\laravel\laravel\vendor\laravel\framework\src\Illuminate\Pipeline\Pipeline.php(219): Illuminate\Foundation\Http\Middleware\VerifyCsrfToken->handle(Object(Illuminate\Http\Request), Object(Closure))
#25 C:\xampp\htdocs\laravel\laravel\vendor\laravel\framework\src\Illuminate\View\Middleware\ShareErrorsFromSession.php(48): Illuminate\Pipeline\Pipeline->Illuminate\Pipeline\{closure}(Object(Illuminate\Http\Request))
#26 C:\xampp\htdocs\laravel\laravel\vendor\laravel\framework\src\Illuminate\Pipeline\Pipeline.php(219): Illuminate\View\Middleware\ShareErrorsFromSession->handle(Object(Illuminate\Http\Request), Object(Closure))
#27 C:\xampp\htdocs\laravel\laravel\vendor\laravel\framework\src\Illuminate\Session\Middleware\StartSession.php(120): Illuminate\Pipeline\Pipeline->Illuminate\Pipeline\{closure}(Object(Illuminate\Http\Request))
#28 C:\xampp\htdocs\laravel\laravel\vendor\laravel\framework\src\Illuminate\Session\Middleware\StartSession.php(63): Illuminate\Session\Middleware\StartSession->handleStatefulRequest(Object(Illuminate\Http\Request), Object(Illuminate\Session\Store), Object(Closure))
#29 C:\xampp\htdocs\laravel\laravel\vendor\laravel\framework\src\Illuminate\Pipeline\Pipeline.php(219): Illuminate\Session\Middleware\StartSession->handle(Object(Illuminate\Http\Request), Object(Closure))
#30 C:\xampp\htdocs\laravel\laravel\vendor\laravel\framework\src\Illuminate\Cookie\Middleware\AddQueuedCookiesToResponse.php(36): Illuminate\Pipeline\Pipeline->Illuminate\Pipeline\{closure}(Object(Illuminate\Http\Request))
#31 C:\xampp\htdocs\laravel\laravel\vendor\laravel\framework\src\Illuminate\Pipeline\Pipeline.php(219): Illuminate\Cookie\Middleware\AddQueuedCookiesToResponse->handle(Object(Illuminate\Http\Request), Object(Closure))
#32 C:\xampp\htdocs\laravel\laravel\vendor\laravel\framework\src\Illuminate\Cookie\Middleware\EncryptCookies.php(74): Illuminate\Pipeline\Pipeline->Illuminate\Pipeline\{closure}(Object(Illuminate\Http\Request))
#33 C:\xampp\htdocs\laravel\laravel\vendor\laravel\framework\src\Illuminate\Pipeline\Pipeline.php(219): Illuminate\Cookie\Middleware\EncryptCookies->handle(Object(Illuminate\Http\Request), Object(Closure))
#34 C:\xampp\htdocs\laravel\laravel\vendor\laravel\framework\src\Illuminate\Pipeline\Pipeline.php(137): Illuminate\Pipeline\Pipeline->Illuminate\Pipeline\{closure}(Object(Illuminate\Http\Request))
#35 C:\xampp\htdocs\laravel\laravel\vendor\laravel\framework\src\Illuminate\Routing\Router.php(821): Illuminate\Pipeline\Pipeline->then(Object(Closure))
#36 C:\xampp\htdocs\laravel\laravel\vendor\laravel\framework\src\Illuminate\Routing\Router.php(800): Illuminate\Routing\Router->runRouteWithinStack(Object(Illuminate\Routing\Route), Object(Illuminate\Http\Request))
#37 C:\xampp\htdocs\laravel\laravel\vendor\laravel\framework\src\Illuminate\Routing\Router.php(764): Illuminate\Routing\Router->runRoute(Object(Illuminate\Http\Request), Object(Illuminate\Routing\Route))
#38 C:\xampp\htdocs\laravel\laravel\vendor\laravel\framework\src\Illuminate\Routing\Router.php(753): Illuminate\Routing\Router->dispatchToRoute(Object(Illuminate\Http\Request))
#39 C:\xampp\htdocs\laravel\laravel\vendor\laravel\framework\src\Illuminate\Foundation\Http\Kernel.php(200): Illuminate\Routing\Router->dispatch(Object(Illuminate\Http\Request))
#40 C:\xampp\htdocs\laravel\laravel\vendor\laravel\framework\src\Illuminate\Pipeline\Pipeline.php(180): Illuminate\Foundation\Http\Kernel->Illuminate\Foundation\Http\{closure}(Object(Illuminate\Http\Request))
#41 C:\xampp\htdocs\laravel\laravel\vendor\inertiajs\inertia-laravel\src\Middleware\EnsureGetOnRedirect.php(19): Illuminate\Pipeline\Pipeline->Illuminate\Pipeline\{closure}(Object(Illuminate\Http\Request))
#42 C:\xampp\htdocs\laravel\laravel\vendor\laravel\framework\src\Illuminate\Pipeline\Pipeline.php(219): Inertia\Middleware\EnsureGetOnRedirect->handle(Object(Illuminate\Http\Request), Object(Closure))
#43 C:\xampp\htdocs\laravel\laravel\app\Http\Middleware\SecurityHeaders.php(13): Illuminate\Pipeline\Pipeline->Illuminate\Pipeline\{closure}(Object(Illuminate\Http\Request))
#44 C:\xampp\htdocs\laravel\laravel\vendor\laravel\framework\src\Illuminate\Pipeline\Pipeline.php(219): App\Http\Middleware\SecurityHeaders->handle(Object(Illuminate\Http\Request), Object(Closure))
#45 C:\xampp\htdocs\laravel\laravel\vendor\laravel\framework\src\Illuminate\Foundation\Http\Middleware\TransformsRequest.php(21): Illuminate\Pipeline\Pipeline->Illuminate\Pipeline\{closure}(Object(Illuminate\Http\Request))
#46 C:\xampp\htdocs\laravel\laravel\vendor\laravel\framework\src\Illuminate\Foundation\Http\Middleware\ConvertEmptyStringsToNull.php(31): Illuminate\Foundation\Http\Middleware\TransformsRequest->handle(Object(Illuminate\Http\Request), Object(Closure))
#47 C:\xampp\htdocs\laravel\laravel\vendor\laravel\framework\src\Illuminate\Pipeline\Pipeline.php(219): Illuminate\Foundation\Http\Middleware\ConvertEmptyStringsToNull->handle(Object(Illuminate\Http\Request), Object(Closure))
#48 C:\xampp\htdocs\laravel\laravel\vendor\laravel\framework\src\Illuminate\Foundation\Http\Middleware\TransformsRequest.php(21): Illuminate\Pipeline\Pipeline->Illuminate\Pipeline\{closure}(Object(Illuminate\Http\Request))
#49 C:\xampp\htdocs\laravel\laravel\vendor\laravel\framework\src\Illuminate\Foundation\Http\Middleware\TrimStrings.php(51): Illuminate\Foundation\Http\Middleware\TransformsRequest->handle(Object(Illuminate\Http\Request), Object(Closure))
#50 C:\xampp\htdocs\laravel\laravel\vendor\laravel\framework\src\Illuminate\Pipeline\Pipeline.php(219): Illuminate\Foundation\Http\Middleware\TrimStrings->handle(Object(Illuminate\Http\Request), Object(Closure))
#51 C:\xampp\htdocs\laravel\laravel\vendor\laravel\framework\src\Illuminate\Http\Middleware\ValidatePostSize.php(27): Illuminate\Pipeline\Pipeline->Illuminate\Pipeline\{closure}(Object(Illuminate\Http\Request))
#52 C:\xampp\htdocs\laravel\laravel\vendor\laravel\framework\src\Illuminate\Pipeline\Pipeline.php(219): Illuminate\Http\Middleware\ValidatePostSize->handle(Object(Illuminate\Http\Request), Object(Closure))
#53 C:\xampp\htdocs\laravel\laravel\vendor\laravel\framework\src\Illuminate\Foundation\Http\Middleware\PreventRequestsDuringMaintenance.php(109): Illuminate\Pipeline\Pipeline->Illuminate\Pipeline\{closure}(Object(Illuminate\Http\Request))
#54 C:\xampp\htdocs\laravel\laravel\vendor\laravel\framework\src\Illuminate\Pipeline\Pipeline.php(219): Illuminate\Foundation\Http\Middleware\PreventRequestsDuringMaintenance->handle(Object(Illuminate\Http\Request), Object(Closure))
#55 C:\xampp\htdocs\laravel\laravel\vendor\laravel\framework\src\Illuminate\Http\Middleware\HandleCors.php(61): Illuminate\Pipeline\Pipeline->Illuminate\Pipeline\{closure}(Object(Illuminate\Http\Request))
#56 C:\xampp\htdocs\laravel\laravel\vendor\laravel\framework\src\Illuminate\Pipeline\Pipeline.php(219): Illuminate\Http\Middleware\HandleCors->handle(Object(Illuminate\Http\Request), Object(Closure))
#57 C:\xampp\htdocs\laravel\laravel\vendor\laravel\framework\src\Illuminate\Http\Middleware\TrustProxies.php(58): Illuminate\Pipeline\Pipeline->Illuminate\Pipeline\{closure}(Object(Illuminate\Http\Request))
#58 C:\xampp\htdocs\laravel\laravel\vendor\laravel\framework\src\Illuminate\Pipeline\Pipeline.php(219): Illuminate\Http\Middleware\TrustProxies->handle(Object(Illuminate\Http\Request), Object(Closure))
#59 C:\xampp\htdocs\laravel\laravel\vendor\laravel\framework\src\Illuminate\Foundation\Http\Middleware\InvokeDeferredCallbacks.php(22): Illuminate\Pipeline\Pipeline->Illuminate\Pipeline\{closure}(Object(Illuminate\Http\Request))
#60 C:\xampp\htdocs\laravel\laravel\vendor\laravel\framework\src\Illuminate\Pipeline\Pipeline.php(219): Illuminate\Foundation\Http\Middleware\InvokeDeferredCallbacks->handle(Object(Illuminate\Http\Request), Object(Closure))
#61 C:\xampp\htdocs\laravel\laravel\vendor\laravel\framework\src\Illuminate\Http\Middleware\ValidatePathEncoding.php(26): Illuminate\Pipeline\Pipeline->Illuminate\Pipeline\{closure}(Object(Illuminate\Http\Request))
#62 C:\xampp\htdocs\laravel\laravel\vendor\laravel\framework\src\Illuminate\Pipeline\Pipeline.php(219): Illuminate\Http\Middleware\ValidatePathEncoding->handle(Object(Illuminate\Http\Request), Object(Closure))
#63 C:\xampp\htdocs\laravel\laravel\vendor\laravel\framework\src\Illuminate\Pipeline\Pipeline.php(137): Illuminate\Pipeline\Pipeline->Illuminate\Pipeline\{closure}(Object(Illuminate\Http\Request))
#64 C:\xampp\htdocs\laravel\laravel\vendor\laravel\framework\src\Illuminate\Foundation\Http\Kernel.php(175): Illuminate\Pipeline\Pipeline->then(Object(Closure))
#65 C:\xampp\htdocs\laravel\laravel\vendor\laravel\framework\src\Illuminate\Foundation\Http\Kernel.php(144): Illuminate\Foundation\Http\Kernel->sendRequestThroughRouter(Object(Illuminate\Http\Request))
#66 C:\xampp\htdocs\laravel\laravel\vendor\laravel\framework\src\Illuminate\Foundation\Testing\Concerns\MakesHttpRequests.php(607): Illuminate\Foundation\Http\Kernel->handle(Object(Illuminate\Http\Request))
#67 C:\xampp\htdocs\laravel\laravel\vendor\laravel\framework\src\Illuminate\Foundation\Testing\Concerns\MakesHttpRequests.php(368): Illuminate\Foundation\Testing\TestCase->call('GET', 'http://localhos...', Array, Array, Array, Array)
#68 C:\xampp\htdocs\laravel\laravel\tests\Feature\VisitPreviewTest.php(97): Illuminate\Foundation\Testing\TestCase->get('http://localhos...')
#69 C:\xampp\htdocs\laravel\laravel\vendor\phpunit\phpunit\src\Framework\TestCase.php(1667): Tests\Feature\VisitPreviewTest->test_visit_preview_page_loads_for_emergency_visit()
#70 C:\xampp\htdocs\laravel\laravel\vendor\phpunit\phpunit\src\Framework\TestCase.php(519): PHPUnit\Framework\TestCase->runTest()
#71 C:\xampp\htdocs\laravel\laravel\vendor\phpunit\phpunit\src\Framework\TestRunner\TestRunner.php(87): PHPUnit\Framework\TestCase->runBare()
#72 C:\xampp\htdocs\laravel\laravel\vendor\phpunit\phpunit\src\Framework\TestCase.php(365): PHPUnit\Framework\TestRunner->run(Object(Tests\Feature\VisitPreviewTest))
#73 C:\xampp\htdocs\laravel\laravel\vendor\phpunit\phpunit\src\Framework\TestSuite.php(369): PHPUnit\Framework\TestCase->run()
#74 C:\xampp\htdocs\laravel\laravel\vendor\phpunit\phpunit\src\Framework\TestSuite.php(369): PHPUnit\Framework\TestSuite->run()
#75 C:\xampp\htdocs\laravel\laravel\vendor\phpunit\phpunit\src\Framework\TestSuite.php(369): PHPUnit\Framework\TestSuite->run()
#76 C:\xampp\htdocs\laravel\laravel\vendor\phpunit\phpunit\src\TextUI\TestRunner.php(64): PHPUnit\Framework\TestSuite->run()
#77 C:\xampp\htdocs\laravel\laravel\vendor\phpunit\phpunit\src\TextUI\Application.php(211): PHPUnit\TextUI\TestRunner->run(Object(PHPUnit\TextUI\Configuration\Configuration), Object(PHPUnit\Runner\ResultCache\DefaultResultCache), Object(PHPUnit\Framework\TestSuite))
#78 C:\xampp\htdocs\laravel\laravel\vendor\phpunit\phpunit\phpunit(104): PHPUnit\TextUI\Application->run(Array)
#79 {main}

----------------------------------------------------------------------------------

Undefined variable $preview (View: C:\xampp\htdocs\laravel\laravel\resources\views\visits\preview.blade.php)

  at tests\Feature\VisitPreviewTest.php:99
     95▕ 
     96▕         $response = $this->actingAs($this->user)
     97▕             ->get(route('admin.visits.preview', $this->visit));
     98▕ 
  ➜  99▕         $response->assertStatus(200);
    100▕         $response->assertSee($this->visit->visit_number);
    101▕     }
    102▕ 
    103▕     public function test_visit_preview_page_shows_chief_complaint(): void

  ────────────────────────────────────────────────────────────────────────────  
   FAILED  Tests\Feature\VisitPreviewTest > visit preview page shows chief c…   
  Expected response status code [200] but received 500.
Failed asserting that 500 is identical to 200.

The following exception occurred during the last request:

ErrorException: Undefined variable $preview in C:\xampp\htdocs\laravel\laravel\storage\framework\views\8af33dbefa0023ba105633b3c90f5df5.php:80
Stack trace:
#0 C:\xampp\htdocs\laravel\laravel\vendor\laravel\framework\src\Illuminate\Foundation\Bootstrap\HandleExceptions.php(258): Illuminate\Foundation\Bootstrap\HandleExceptions->handleError(2, 'Undefined varia...', 'C:\\xampp\\htdocs...', 80)
#1 C:\xampp\htdocs\laravel\laravel\storage\framework\views\8af33dbefa0023ba105633b3c90f5df5.php(80): Illuminate\Foundation\Bootstrap\HandleExceptions->Illuminate\Foundation\Bootstrap\{closure}(2, 'Undefined varia...', 'C:\\xampp\\htdocs...', 80)
#2 C:\xampp\htdocs\laravel\laravel\vendor\laravel\framework\src\Illuminate\Filesystem\Filesystem.php(123): require('C:\\xampp\\htdocs...')
#3 C:\xampp\htdocs\laravel\laravel\vendor\laravel\framework\src\Illuminate\Filesystem\Filesystem.php(124): Illuminate\Filesystem\Filesystem::Illuminate\Filesystem\{closure}()
#4 C:\xampp\htdocs\laravel\laravel\vendor\laravel\framework\src\Illuminate\View\Engines\PhpEngine.php(57): Illuminate\Filesystem\Filesystem->getRequire('C:\\xampp\\htdocs...', Array)
#5 C:\xampp\htdocs\laravel\laravel\vendor\laravel\framework\src\Illuminate\View\Engines\CompilerEngine.php(76): Illuminate\View\Engines\PhpEngine->evaluatePath('C:\\xampp\\htdocs...', Array)
#6 C:\xampp\htdocs\laravel\laravel\vendor\laravel\framework\src\Illuminate\View\View.php(208): Illuminate\View\Engines\CompilerEngine->get('C:\\xampp\\htdocs...', Array)
#7 C:\xampp\htdocs\laravel\laravel\vendor\laravel\framework\src\Illuminate\View\View.php(191): Illuminate\View\View->getContents()
#8 C:\xampp\htdocs\laravel\laravel\vendor\laravel\framework\src\Illuminate\View\View.php(160): Illuminate\View\View->renderContents()
#9 C:\xampp\htdocs\laravel\laravel\vendor\laravel\framework\src\Illuminate\Http\Response.php(78): Illuminate\View\View->render()
#10 C:\xampp\htdocs\laravel\laravel\vendor\laravel\framework\src\Illuminate\Http\Response.php(34): Illuminate\Http\Response->setContent(Object(Illuminate\View\View))
#11 C:\xampp\htdocs\laravel\laravel\vendor\laravel\framework\src\Illuminate\Routing\Router.php(939): Illuminate\Http\Response->__construct(Object(Illuminate\View\View), 200, Array)
#12 C:\xampp\htdocs\laravel\laravel\vendor\laravel\framework\src\Illuminate\Routing\Router.php(906): Illuminate\Routing\Router::toResponse(Object(Illuminate\Http\Request), Object(Illuminate\View\View))
#13 C:\xampp\htdocs\laravel\laravel\vendor\laravel\framework\src\Illuminate\Routing\Router.php(821): Illuminate\Routing\Router->prepareResponse(Object(Illuminate\Http\Request), Object(Illuminate\View\View))
#14 C:\xampp\htdocs\laravel\laravel\vendor\laravel\framework\src\Illuminate\Pipeline\Pipeline.php(180): Illuminate\Routing\Router->Illuminate\Routing\{closure}(Object(Illuminate\Http\Request))
#15 C:\xampp\htdocs\laravel\laravel\vendor\laravel\framework\src\Illuminate\Auth\Middleware\Authorize.php(59): Illuminate\Pipeline\Pipeline->Illuminate\Pipeline\{closure}(Object(Illuminate\Http\Request))
#16 C:\xampp\htdocs\laravel\laravel\vendor\laravel\framework\src\Illuminate\Pipeline\Pipeline.php(219): Illuminate\Auth\Middleware\Authorize->handle(Object(Illuminate\Http\Request), Object(Closure), 'visits.preview')
#17 C:\xampp\htdocs\laravel\laravel\vendor\laravel\framework\src\Illuminate\Auth\Middleware\Authorize.php(59): Illuminate\Pipeline\Pipeline->Illuminate\Pipeline\{closure}(Object(Illuminate\Http\Request))
#18 C:\xampp\htdocs\laravel\laravel\vendor\laravel\framework\src\Illuminate\Pipeline\Pipeline.php(219): Illuminate\Auth\Middleware\Authorize->handle(Object(Illuminate\Http\Request), Object(Closure), 'visits.view')
#19 C:\xampp\htdocs\laravel\laravel\app\Http\Middleware\ConvertBladeViewsToInertia.php(14): Illuminate\Pipeline\Pipeline->Illuminate\Pipeline\{closure}(Object(Illuminate\Http\Request))
#20 C:\xampp\htdocs\laravel\laravel\vendor\laravel\framework\src\Illuminate\Pipeline\Pipeline.php(219): App\Http\Middleware\ConvertBladeViewsToInertia->handle(Object(Illuminate\Http\Request), Object(Closure))
#21 C:\xampp\htdocs\laravel\laravel\vendor\inertiajs\inertia-laravel\src\Middleware.php(138): Illuminate\Pipeline\Pipeline->Illuminate\Pipeline\{closure}(Object(Illuminate\Http\Request))
#22 C:\xampp\htdocs\laravel\laravel\vendor\laravel\framework\src\Illuminate\Pipeline\Pipeline.php(219): Inertia\Middleware->handle(Object(Illuminate\Http\Request), Object(Closure))
#23 C:\xampp\htdocs\laravel\laravel\vendor\laravel\framework\src\Illuminate\Routing\Middleware\SubstituteBindings.php(50): Illuminate\Pipeline\Pipeline->Illuminate\Pipeline\{closure}(Object(Illuminate\Http\Request))
#24 C:\xampp\htdocs\laravel\laravel\vendor\laravel\framework\src\Illuminate\Pipeline\Pipeline.php(219): Illuminate\Routing\Middleware\SubstituteBindings->handle(Object(Illuminate\Http\Request), Object(Closure))
#25 C:\xampp\htdocs\laravel\laravel\vendor\laravel\framework\src\Illuminate\Auth\Middleware\Authenticate.php(63): Illuminate\Pipeline\Pipeline->Illuminate\Pipeline\{closure}(Object(Illuminate\Http\Request))
#26 C:\xampp\htdocs\laravel\laravel\vendor\laravel\framework\src\Illuminate\Pipeline\Pipeline.php(219): Illuminate\Auth\Middleware\Authenticate->handle(Object(Illuminate\Http\Request), Object(Closure))
#27 C:\xampp\htdocs\laravel\laravel\vendor\laravel\framework\src\Illuminate\Foundation\Http\Middleware\VerifyCsrfToken.php(87): Illuminate\Pipeline\Pipeline->Illuminate\Pipeline\{closure}(Object(Illuminate\Http\Request))
#28 C:\xampp\htdocs\laravel\laravel\vendor\laravel\framework\src\Illuminate\Pipeline\Pipeline.php(219): Illuminate\Foundation\Http\Middleware\VerifyCsrfToken->handle(Object(Illuminate\Http\Request), Object(Closure))
#29 C:\xampp\htdocs\laravel\laravel\vendor\laravel\framework\src\Illuminate\View\Middleware\ShareErrorsFromSession.php(48): Illuminate\Pipeline\Pipeline->Illuminate\Pipeline\{closure}(Object(Illuminate\Http\Request))
#30 C:\xampp\htdocs\laravel\laravel\vendor\laravel\framework\src\Illuminate\Pipeline\Pipeline.php(219): Illuminate\View\Middleware\ShareErrorsFromSession->handle(Object(Illuminate\Http\Request), Object(Closure))
#31 C:\xampp\htdocs\laravel\laravel\vendor\laravel\framework\src\Illuminate\Session\Middleware\StartSession.php(120): Illuminate\Pipeline\Pipeline->Illuminate\Pipeline\{closure}(Object(Illuminate\Http\Request))
#32 C:\xampp\htdocs\laravel\laravel\vendor\laravel\framework\src\Illuminate\Session\Middleware\StartSession.php(63): Illuminate\Session\Middleware\StartSession->handleStatefulRequest(Object(Illuminate\Http\Request), Object(Illuminate\Session\Store), Object(Closure))
#33 C:\xampp\htdocs\laravel\laravel\vendor\laravel\framework\src\Illuminate\Pipeline\Pipeline.php(219): Illuminate\Session\Middleware\StartSession->handle(Object(Illuminate\Http\Request), Object(Closure))
#34 C:\xampp\htdocs\laravel\laravel\vendor\laravel\framework\src\Illuminate\Cookie\Middleware\AddQueuedCookiesToResponse.php(36): Illuminate\Pipeline\Pipeline->Illuminate\Pipeline\{closure}(Object(Illuminate\Http\Request))
#35 C:\xampp\htdocs\laravel\laravel\vendor\laravel\framework\src\Illuminate\Pipeline\Pipeline.php(219): Illuminate\Cookie\Middleware\AddQueuedCookiesToResponse->handle(Object(Illuminate\Http\Request), Object(Closure))
#36 C:\xampp\htdocs\laravel\laravel\vendor\laravel\framework\src\Illuminate\Cookie\Middleware\EncryptCookies.php(74): Illuminate\Pipeline\Pipeline->Illuminate\Pipeline\{closure}(Object(Illuminate\Http\Request))
#37 C:\xampp\htdocs\laravel\laravel\vendor\laravel\framework\src\Illuminate\Pipeline\Pipeline.php(219): Illuminate\Cookie\Middleware\EncryptCookies->handle(Object(Illuminate\Http\Request), Object(Closure))
#38 C:\xampp\htdocs\laravel\laravel\vendor\laravel\framework\src\Illuminate\Pipeline\Pipeline.php(137): Illuminate\Pipeline\Pipeline->Illuminate\Pipeline\{closure}(Object(Illuminate\Http\Request))
#39 C:\xampp\htdocs\laravel\laravel\vendor\laravel\framework\src\Illuminate\Routing\Router.php(821): Illuminate\Pipeline\Pipeline->then(Object(Closure))
#40 C:\xampp\htdocs\laravel\laravel\vendor\laravel\framework\src\Illuminate\Routing\Router.php(800): Illuminate\Routing\Router->runRouteWithinStack(Object(Illuminate\Routing\Route), Object(Illuminate\Http\Request))
#41 C:\xampp\htdocs\laravel\laravel\vendor\laravel\framework\src\Illuminate\Routing\Router.php(764): Illuminate\Routing\Router->runRoute(Object(Illuminate\Http\Request), Object(Illuminate\Routing\Route))
#42 C:\xampp\htdocs\laravel\laravel\vendor\laravel\framework\src\Illuminate\Routing\Router.php(753): Illuminate\Routing\Router->dispatchToRoute(Object(Illuminate\Http\Request))
#43 C:\xampp\htdocs\laravel\laravel\vendor\laravel\framework\src\Illuminate\Foundation\Http\Kernel.php(200): Illuminate\Routing\Router->dispatch(Object(Illuminate\Http\Request))
#44 C:\xampp\htdocs\laravel\laravel\vendor\laravel\framework\src\Illuminate\Pipeline\Pipeline.php(180): Illuminate\Foundation\Http\Kernel->Illuminate\Foundation\Http\{closure}(Object(Illuminate\Http\Request))
#45 C:\xampp\htdocs\laravel\laravel\vendor\inertiajs\inertia-laravel\src\Middleware\EnsureGetOnRedirect.php(19): Illuminate\Pipeline\Pipeline->Illuminate\Pipeline\{closure}(Object(Illuminate\Http\Request))
#46 C:\xampp\htdocs\laravel\laravel\vendor\laravel\framework\src\Illuminate\Pipeline\Pipeline.php(219): Inertia\Middleware\EnsureGetOnRedirect->handle(Object(Illuminate\Http\Request), Object(Closure))
#47 C:\xampp\htdocs\laravel\laravel\app\Http\Middleware\SecurityHeaders.php(13): Illuminate\Pipeline\Pipeline->Illuminate\Pipeline\{closure}(Object(Illuminate\Http\Request))
#48 C:\xampp\htdocs\laravel\laravel\vendor\laravel\framework\src\Illuminate\Pipeline\Pipeline.php(219): App\Http\Middleware\SecurityHeaders->handle(Object(Illuminate\Http\Request), Object(Closure))
#49 C:\xampp\htdocs\laravel\laravel\vendor\laravel\framework\src\Illuminate\Foundation\Http\Middleware\TransformsRequest.php(21): Illuminate\Pipeline\Pipeline->Illuminate\Pipeline\{closure}(Object(Illuminate\Http\Request))
#50 C:\xampp\htdocs\laravel\laravel\vendor\laravel\framework\src\Illuminate\Foundation\Http\Middleware\ConvertEmptyStringsToNull.php(31): Illuminate\Foundation\Http\Middleware\TransformsRequest->handle(Object(Illuminate\Http\Request), Object(Closure))
#51 C:\xampp\htdocs\laravel\laravel\vendor\laravel\framework\src\Illuminate\Pipeline\Pipeline.php(219): Illuminate\Foundation\Http\Middleware\ConvertEmptyStringsToNull->handle(Object(Illuminate\Http\Request), Object(Closure))
#52 C:\xampp\htdocs\laravel\laravel\vendor\laravel\framework\src\Illuminate\Foundation\Http\Middleware\TransformsRequest.php(21): Illuminate\Pipeline\Pipeline->Illuminate\Pipeline\{closure}(Object(Illuminate\Http\Request))
#53 C:\xampp\htdocs\laravel\laravel\vendor\laravel\framework\src\Illuminate\Foundation\Http\Middleware\TrimStrings.php(51): Illuminate\Foundation\Http\Middleware\TransformsRequest->handle(Object(Illuminate\Http\Request), Object(Closure))
#54 C:\xampp\htdocs\laravel\laravel\vendor\laravel\framework\src\Illuminate\Pipeline\Pipeline.php(219): Illuminate\Foundation\Http\Middleware\TrimStrings->handle(Object(Illuminate\Http\Request), Object(Closure))
#55 C:\xampp\htdocs\laravel\laravel\vendor\laravel\framework\src\Illuminate\Http\Middleware\ValidatePostSize.php(27): Illuminate\Pipeline\Pipeline->Illuminate\Pipeline\{closure}(Object(Illuminate\Http\Request))
#56 C:\xampp\htdocs\laravel\laravel\vendor\laravel\framework\src\Illuminate\Pipeline\Pipeline.php(219): Illuminate\Http\Middleware\ValidatePostSize->handle(Object(Illuminate\Http\Request), Object(Closure))
#57 C:\xampp\htdocs\laravel\laravel\vendor\laravel\framework\src\Illuminate\Foundation\Http\Middleware\PreventRequestsDuringMaintenance.php(109): Illuminate\Pipeline\Pipeline->Illuminate\Pipeline\{closure}(Object(Illuminate\Http\Request))
#58 C:\xampp\htdocs\laravel\laravel\vendor\laravel\framework\src\Illuminate\Pipeline\Pipeline.php(219): Illuminate\Foundation\Http\Middleware\PreventRequestsDuringMaintenance->handle(Object(Illuminate\Http\Request), Object(Closure))
#59 C:\xampp\htdocs\laravel\laravel\vendor\laravel\framework\src\Illuminate\Http\Middleware\HandleCors.php(61): Illuminate\Pipeline\Pipeline->Illuminate\Pipeline\{closure}(Object(Illuminate\Http\Request))
#60 C:\xampp\htdocs\laravel\laravel\vendor\laravel\framework\src\Illuminate\Pipeline\Pipeline.php(219): Illuminate\Http\Middleware\HandleCors->handle(Object(Illuminate\Http\Request), Object(Closure))
#61 C:\xampp\htdocs\laravel\laravel\vendor\laravel\framework\src\Illuminate\Http\Middleware\TrustProxies.php(58): Illuminate\Pipeline\Pipeline->Illuminate\Pipeline\{closure}(Object(Illuminate\Http\Request))
#62 C:\xampp\htdocs\laravel\laravel\vendor\laravel\framework\src\Illuminate\Pipeline\Pipeline.php(219): Illuminate\Http\Middleware\TrustProxies->handle(Object(Illuminate\Http\Request), Object(Closure))
#63 C:\xampp\htdocs\laravel\laravel\vendor\laravel\framework\src\Illuminate\Foundation\Http\Middleware\InvokeDeferredCallbacks.php(22): Illuminate\Pipeline\Pipeline->Illuminate\Pipeline\{closure}(Object(Illuminate\Http\Request))
#64 C:\xampp\htdocs\laravel\laravel\vendor\laravel\framework\src\Illuminate\Pipeline\Pipeline.php(219): Illuminate\Foundation\Http\Middleware\InvokeDeferredCallbacks->handle(Object(Illuminate\Http\Request), Object(Closure))
#65 C:\xampp\htdocs\laravel\laravel\vendor\laravel\framework\src\Illuminate\Http\Middleware\ValidatePathEncoding.php(26): Illuminate\Pipeline\Pipeline->Illuminate\Pipeline\{closure}(Object(Illuminate\Http\Request))
#66 C:\xampp\htdocs\laravel\laravel\vendor\laravel\framework\src\Illuminate\Pipeline\Pipeline.php(219): Illuminate\Http\Middleware\ValidatePathEncoding->handle(Object(Illuminate\Http\Request), Object(Closure))
#67 C:\xampp\htdocs\laravel\laravel\vendor\laravel\framework\src\Illuminate\Pipeline\Pipeline.php(137): Illuminate\Pipeline\Pipeline->Illuminate\Pipeline\{closure}(Object(Illuminate\Http\Request))
#68 C:\xampp\htdocs\laravel\laravel\vendor\laravel\framework\src\Illuminate\Foundation\Http\Kernel.php(175): Illuminate\Pipeline\Pipeline->then(Object(Closure))
#69 C:\xampp\htdocs\laravel\laravel\vendor\laravel\framework\src\Illuminate\Foundation\Http\Kernel.php(144): Illuminate\Foundation\Http\Kernel->sendRequestThroughRouter(Object(Illuminate\Http\Request))
#70 C:\xampp\htdocs\laravel\laravel\vendor\laravel\framework\src\Illuminate\Foundation\Testing\Concerns\MakesHttpRequests.php(607): Illuminate\Foundation\Http\Kernel->handle(Object(Illuminate\Http\Request))
#71 C:\xampp\htdocs\laravel\laravel\vendor\laravel\framework\src\Illuminate\Foundation\Testing\Concerns\MakesHttpRequests.php(368): Illuminate\Foundation\Testing\TestCase->call('GET', 'http://localhos...', Array, Array, Array, Array)
#72 C:\xampp\htdocs\laravel\laravel\tests\Feature\VisitPreviewTest.php(106): Illuminate\Foundation\Testing\TestCase->get('http://localhos...')
#73 C:\xampp\htdocs\laravel\laravel\vendor\phpunit\phpunit\src\Framework\TestCase.php(1667): Tests\Feature\VisitPreviewTest->test_visit_preview_page_shows_chief_complaint()
#74 C:\xampp\htdocs\laravel\laravel\vendor\phpunit\phpunit\src\Framework\TestCase.php(519): PHPUnit\Framework\TestCase->runTest()
#75 C:\xampp\htdocs\laravel\laravel\vendor\phpunit\phpunit\src\Framework\TestRunner\TestRunner.php(87): PHPUnit\Framework\TestCase->runBare()
#76 C:\xampp\htdocs\laravel\laravel\vendor\phpunit\phpunit\src\Framework\TestCase.php(365): PHPUnit\Framework\TestRunner->run(Object(Tests\Feature\VisitPreviewTest))
#77 C:\xampp\htdocs\laravel\laravel\vendor\phpunit\phpunit\src\Framework\TestSuite.php(369): PHPUnit\Framework\TestCase->run()
#78 C:\xampp\htdocs\laravel\laravel\vendor\phpunit\phpunit\src\Framework\TestSuite.php(369): PHPUnit\Framework\TestSuite->run()
#79 C:\xampp\htdocs\laravel\laravel\vendor\phpunit\phpunit\src\Framework\TestSuite.php(369): PHPUnit\Framework\TestSuite->run()
#80 C:\xampp\htdocs\laravel\laravel\vendor\phpunit\phpunit\src\TextUI\TestRunner.php(64): PHPUnit\Framework\TestSuite->run()
#81 C:\xampp\htdocs\laravel\laravel\vendor\phpunit\phpunit\src\TextUI\Application.php(211): PHPUnit\TextUI\TestRunner->run(Object(PHPUnit\TextUI\Configuration\Configuration), Object(PHPUnit\Runner\ResultCache\DefaultResultCache), Object(PHPUnit\Framework\TestSuite))
#82 C:\xampp\htdocs\laravel\laravel\vendor\phpunit\phpunit\phpunit(104): PHPUnit\TextUI\Application->run(Array)
#83 {main}

Next Illuminate\View\ViewException: Undefined variable $preview (View: C:\xampp\htdocs\laravel\laravel\resources\views\visits\preview.blade.php) in C:\xampp\htdocs\laravel\laravel\storage\framework\views\8af33dbefa0023ba105633b3c90f5df5.php:80
Stack trace:
#0 C:\xampp\htdocs\laravel\laravel\vendor\laravel\framework\src\Illuminate\View\Engines\PhpEngine.php(59): Illuminate\View\Engines\CompilerEngine->handleViewException(Object(ErrorException), 1)
#1 C:\xampp\htdocs\laravel\laravel\vendor\laravel\framework\src\Illuminate\View\Engines\CompilerEngine.php(76): Illuminate\View\Engines\PhpEngine->evaluatePath('C:\\xampp\\htdocs...', Array)
#2 C:\xampp\htdocs\laravel\laravel\vendor\laravel\framework\src\Illuminate\View\View.php(208): Illuminate\View\Engines\CompilerEngine->get('C:\\xampp\\htdocs...', Array)
#3 C:\xampp\htdocs\laravel\laravel\vendor\laravel\framework\src\Illuminate\View\View.php(191): Illuminate\View\View->getContents()
#4 C:\xampp\htdocs\laravel\laravel\vendor\laravel\framework\src\Illuminate\View\View.php(160): Illuminate\View\View->renderContents()
#5 C:\xampp\htdocs\laravel\laravel\vendor\laravel\framework\src\Illuminate\Http\Response.php(78): Illuminate\View\View->render()
#6 C:\xampp\htdocs\laravel\laravel\vendor\laravel\framework\src\Illuminate\Http\Response.php(34): Illuminate\Http\Response->setContent(Object(Illuminate\View\View))
#7 C:\xampp\htdocs\laravel\laravel\vendor\laravel\framework\src\Illuminate\Routing\Router.php(939): Illuminate\Http\Response->__construct(Object(Illuminate\View\View), 200, Array)
#8 C:\xampp\htdocs\laravel\laravel\vendor\laravel\framework\src\Illuminate\Routing\Router.php(906): Illuminate\Routing\Router::toResponse(Object(Illuminate\Http\Request), Object(Illuminate\View\View))
#9 C:\xampp\htdocs\laravel\laravel\vendor\laravel\framework\src\Illuminate\Routing\Router.php(821): Illuminate\Routing\Router->prepareResponse(Object(Illuminate\Http\Request), Object(Illuminate\View\View))
#10 C:\xampp\htdocs\laravel\laravel\vendor\laravel\framework\src\Illuminate\Pipeline\Pipeline.php(180): Illuminate\Routing\Router->Illuminate\Routing\{closure}(Object(Illuminate\Http\Request))
#11 C:\xampp\htdocs\laravel\laravel\vendor\laravel\framework\src\Illuminate\Auth\Middleware\Authorize.php(59): Illuminate\Pipeline\Pipeline->Illuminate\Pipeline\{closure}(Object(Illuminate\Http\Request))
#12 C:\xampp\htdocs\laravel\laravel\vendor\laravel\framework\src\Illuminate\Pipeline\Pipeline.php(219): Illuminate\Auth\Middleware\Authorize->handle(Object(Illuminate\Http\Request), Object(Closure), 'visits.preview')
#13 C:\xampp\htdocs\laravel\laravel\vendor\laravel\framework\src\Illuminate\Auth\Middleware\Authorize.php(59): Illuminate\Pipeline\Pipeline->Illuminate\Pipeline\{closure}(Object(Illuminate\Http\Request))
#14 C:\xampp\htdocs\laravel\laravel\vendor\laravel\framework\src\Illuminate\Pipeline\Pipeline.php(219): Illuminate\Auth\Middleware\Authorize->handle(Object(Illuminate\Http\Request), Object(Closure), 'visits.view')
#15 C:\xampp\htdocs\laravel\laravel\app\Http\Middleware\ConvertBladeViewsToInertia.php(14): Illuminate\Pipeline\Pipeline->Illuminate\Pipeline\{closure}(Object(Illuminate\Http\Request))
#16 C:\xampp\htdocs\laravel\laravel\vendor\laravel\framework\src\Illuminate\Pipeline\Pipeline.php(219): App\Http\Middleware\ConvertBladeViewsToInertia->handle(Object(Illuminate\Http\Request), Object(Closure))
#17 C:\xampp\htdocs\laravel\laravel\vendor\inertiajs\inertia-laravel\src\Middleware.php(138): Illuminate\Pipeline\Pipeline->Illuminate\Pipeline\{closure}(Object(Illuminate\Http\Request))
#18 C:\xampp\htdocs\laravel\laravel\vendor\laravel\framework\src\Illuminate\Pipeline\Pipeline.php(219): Inertia\Middleware->handle(Object(Illuminate\Http\Request), Object(Closure))
#19 C:\xampp\htdocs\laravel\laravel\vendor\laravel\framework\src\Illuminate\Routing\Middleware\SubstituteBindings.php(50): Illuminate\Pipeline\Pipeline->Illuminate\Pipeline\{closure}(Object(Illuminate\Http\Request))
#20 C:\xampp\htdocs\laravel\laravel\vendor\laravel\framework\src\Illuminate\Pipeline\Pipeline.php(219): Illuminate\Routing\Middleware\SubstituteBindings->handle(Object(Illuminate\Http\Request), Object(Closure))
#21 C:\xampp\htdocs\laravel\laravel\vendor\laravel\framework\src\Illuminate\Auth\Middleware\Authenticate.php(63): Illuminate\Pipeline\Pipeline->Illuminate\Pipeline\{closure}(Object(Illuminate\Http\Request))
#22 C:\xampp\htdocs\laravel\laravel\vendor\laravel\framework\src\Illuminate\Pipeline\Pipeline.php(219): Illuminate\Auth\Middleware\Authenticate->handle(Object(Illuminate\Http\Request), Object(Closure))
#23 C:\xampp\htdocs\laravel\laravel\vendor\laravel\framework\src\Illuminate\Foundation\Http\Middleware\VerifyCsrfToken.php(87): Illuminate\Pipeline\Pipeline->Illuminate\Pipeline\{closure}(Object(Illuminate\Http\Request))
#24 C:\xampp\htdocs\laravel\laravel\vendor\laravel\framework\src\Illuminate\Pipeline\Pipeline.php(219): Illuminate\Foundation\Http\Middleware\VerifyCsrfToken->handle(Object(Illuminate\Http\Request), Object(Closure))
#25 C:\xampp\htdocs\laravel\laravel\vendor\laravel\framework\src\Illuminate\View\Middleware\ShareErrorsFromSession.php(48): Illuminate\Pipeline\Pipeline->Illuminate\Pipeline\{closure}(Object(Illuminate\Http\Request))
#26 C:\xampp\htdocs\laravel\laravel\vendor\laravel\framework\src\Illuminate\Pipeline\Pipeline.php(219): Illuminate\View\Middleware\ShareErrorsFromSession->handle(Object(Illuminate\Http\Request), Object(Closure))
#27 C:\xampp\htdocs\laravel\laravel\vendor\laravel\framework\src\Illuminate\Session\Middleware\StartSession.php(120): Illuminate\Pipeline\Pipeline->Illuminate\Pipeline\{closure}(Object(Illuminate\Http\Request))
#28 C:\xampp\htdocs\laravel\laravel\vendor\laravel\framework\src\Illuminate\Session\Middleware\StartSession.php(63): Illuminate\Session\Middleware\StartSession->handleStatefulRequest(Object(Illuminate\Http\Request), Object(Illuminate\Session\Store), Object(Closure))
#29 C:\xampp\htdocs\laravel\laravel\vendor\laravel\framework\src\Illuminate\Pipeline\Pipeline.php(219): Illuminate\Session\Middleware\StartSession->handle(Object(Illuminate\Http\Request), Object(Closure))
#30 C:\xampp\htdocs\laravel\laravel\vendor\laravel\framework\src\Illuminate\Cookie\Middleware\AddQueuedCookiesToResponse.php(36): Illuminate\Pipeline\Pipeline->Illuminate\Pipeline\{closure}(Object(Illuminate\Http\Request))
#31 C:\xampp\htdocs\laravel\laravel\vendor\laravel\framework\src\Illuminate\Pipeline\Pipeline.php(219): Illuminate\Cookie\Middleware\AddQueuedCookiesToResponse->handle(Object(Illuminate\Http\Request), Object(Closure))
#32 C:\xampp\htdocs\laravel\laravel\vendor\laravel\framework\src\Illuminate\Cookie\Middleware\EncryptCookies.php(74): Illuminate\Pipeline\Pipeline->Illuminate\Pipeline\{closure}(Object(Illuminate\Http\Request))
#33 C:\xampp\htdocs\laravel\laravel\vendor\laravel\framework\src\Illuminate\Pipeline\Pipeline.php(219): Illuminate\Cookie\Middleware\EncryptCookies->handle(Object(Illuminate\Http\Request), Object(Closure))
#34 C:\xampp\htdocs\laravel\laravel\vendor\laravel\framework\src\Illuminate\Pipeline\Pipeline.php(137): Illuminate\Pipeline\Pipeline->Illuminate\Pipeline\{closure}(Object(Illuminate\Http\Request))
#35 C:\xampp\htdocs\laravel\laravel\vendor\laravel\framework\src\Illuminate\Routing\Router.php(821): Illuminate\Pipeline\Pipeline->then(Object(Closure))
#36 C:\xampp\htdocs\laravel\laravel\vendor\laravel\framework\src\Illuminate\Routing\Router.php(800): Illuminate\Routing\Router->runRouteWithinStack(Object(Illuminate\Routing\Route), Object(Illuminate\Http\Request))
#37 C:\xampp\htdocs\laravel\laravel\vendor\laravel\framework\src\Illuminate\Routing\Router.php(764): Illuminate\Routing\Router->runRoute(Object(Illuminate\Http\Request), Object(Illuminate\Routing\Route))
#38 C:\xampp\htdocs\laravel\laravel\vendor\laravel\framework\src\Illuminate\Routing\Router.php(753): Illuminate\Routing\Router->dispatchToRoute(Object(Illuminate\Http\Request))
#39 C:\xampp\htdocs\laravel\laravel\vendor\laravel\framework\src\Illuminate\Foundation\Http\Kernel.php(200): Illuminate\Routing\Router->dispatch(Object(Illuminate\Http\Request))
#40 C:\xampp\htdocs\laravel\laravel\vendor\laravel\framework\src\Illuminate\Pipeline\Pipeline.php(180): Illuminate\Foundation\Http\Kernel->Illuminate\Foundation\Http\{closure}(Object(Illuminate\Http\Request))
#41 C:\xampp\htdocs\laravel\laravel\vendor\inertiajs\inertia-laravel\src\Middleware\EnsureGetOnRedirect.php(19): Illuminate\Pipeline\Pipeline->Illuminate\Pipeline\{closure}(Object(Illuminate\Http\Request))
#42 C:\xampp\htdocs\laravel\laravel\vendor\laravel\framework\src\Illuminate\Pipeline\Pipeline.php(219): Inertia\Middleware\EnsureGetOnRedirect->handle(Object(Illuminate\Http\Request), Object(Closure))
#43 C:\xampp\htdocs\laravel\laravel\app\Http\Middleware\SecurityHeaders.php(13): Illuminate\Pipeline\Pipeline->Illuminate\Pipeline\{closure}(Object(Illuminate\Http\Request))
#44 C:\xampp\htdocs\laravel\laravel\vendor\laravel\framework\src\Illuminate\Pipeline\Pipeline.php(219): App\Http\Middleware\SecurityHeaders->handle(Object(Illuminate\Http\Request), Object(Closure))
#45 C:\xampp\htdocs\laravel\laravel\vendor\laravel\framework\src\Illuminate\Foundation\Http\Middleware\TransformsRequest.php(21): Illuminate\Pipeline\Pipeline->Illuminate\Pipeline\{closure}(Object(Illuminate\Http\Request))
#46 C:\xampp\htdocs\laravel\laravel\vendor\laravel\framework\src\Illuminate\Foundation\Http\Middleware\ConvertEmptyStringsToNull.php(31): Illuminate\Foundation\Http\Middleware\TransformsRequest->handle(Object(Illuminate\Http\Request), Object(Closure))
#47 C:\xampp\htdocs\laravel\laravel\vendor\laravel\framework\src\Illuminate\Pipeline\Pipeline.php(219): Illuminate\Foundation\Http\Middleware\ConvertEmptyStringsToNull->handle(Object(Illuminate\Http\Request), Object(Closure))
#48 C:\xampp\htdocs\laravel\laravel\vendor\laravel\framework\src\Illuminate\Foundation\Http\Middleware\TransformsRequest.php(21): Illuminate\Pipeline\Pipeline->Illuminate\Pipeline\{closure}(Object(Illuminate\Http\Request))
#49 C:\xampp\htdocs\laravel\laravel\vendor\laravel\framework\src\Illuminate\Foundation\Http\Middleware\TrimStrings.php(51): Illuminate\Foundation\Http\Middleware\TransformsRequest->handle(Object(Illuminate\Http\Request), Object(Closure))
#50 C:\xampp\htdocs\laravel\laravel\vendor\laravel\framework\src\Illuminate\Pipeline\Pipeline.php(219): Illuminate\Foundation\Http\Middleware\TrimStrings->handle(Object(Illuminate\Http\Request), Object(Closure))
#51 C:\xampp\htdocs\laravel\laravel\vendor\laravel\framework\src\Illuminate\Http\Middleware\ValidatePostSize.php(27): Illuminate\Pipeline\Pipeline->Illuminate\Pipeline\{closure}(Object(Illuminate\Http\Request))
#52 C:\xampp\htdocs\laravel\laravel\vendor\laravel\framework\src\Illuminate\Pipeline\Pipeline.php(219): Illuminate\Http\Middleware\ValidatePostSize->handle(Object(Illuminate\Http\Request), Object(Closure))
#53 C:\xampp\htdocs\laravel\laravel\vendor\laravel\framework\src\Illuminate\Foundation\Http\Middleware\PreventRequestsDuringMaintenance.php(109): Illuminate\Pipeline\Pipeline->Illuminate\Pipeline\{closure}(Object(Illuminate\Http\Request))
#54 C:\xampp\htdocs\laravel\laravel\vendor\laravel\framework\src\Illuminate\Pipeline\Pipeline.php(219): Illuminate\Foundation\Http\Middleware\PreventRequestsDuringMaintenance->handle(Object(Illuminate\Http\Request), Object(Closure))
#55 C:\xampp\htdocs\laravel\laravel\vendor\laravel\framework\src\Illuminate\Http\Middleware\HandleCors.php(61): Illuminate\Pipeline\Pipeline->Illuminate\Pipeline\{closure}(Object(Illuminate\Http\Request))
#56 C:\xampp\htdocs\laravel\laravel\vendor\laravel\framework\src\Illuminate\Pipeline\Pipeline.php(219): Illuminate\Http\Middleware\HandleCors->handle(Object(Illuminate\Http\Request), Object(Closure))
#57 C:\xampp\htdocs\laravel\laravel\vendor\laravel\framework\src\Illuminate\Http\Middleware\TrustProxies.php(58): Illuminate\Pipeline\Pipeline->Illuminate\Pipeline\{closure}(Object(Illuminate\Http\Request))
#58 C:\xampp\htdocs\laravel\laravel\vendor\laravel\framework\src\Illuminate\Pipeline\Pipeline.php(219): Illuminate\Http\Middleware\TrustProxies->handle(Object(Illuminate\Http\Request), Object(Closure))
#59 C:\xampp\htdocs\laravel\laravel\vendor\laravel\framework\src\Illuminate\Foundation\Http\Middleware\InvokeDeferredCallbacks.php(22): Illuminate\Pipeline\Pipeline->Illuminate\Pipeline\{closure}(Object(Illuminate\Http\Request))
#60 C:\xampp\htdocs\laravel\laravel\vendor\laravel\framework\src\Illuminate\Pipeline\Pipeline.php(219): Illuminate\Foundation\Http\Middleware\InvokeDeferredCallbacks->handle(Object(Illuminate\Http\Request), Object(Closure))
#61 C:\xampp\htdocs\laravel\laravel\vendor\laravel\framework\src\Illuminate\Http\Middleware\ValidatePathEncoding.php(26): Illuminate\Pipeline\Pipeline->Illuminate\Pipeline\{closure}(Object(Illuminate\Http\Request))
#62 C:\xampp\htdocs\laravel\laravel\vendor\laravel\framework\src\Illuminate\Pipeline\Pipeline.php(219): Illuminate\Http\Middleware\ValidatePathEncoding->handle(Object(Illuminate\Http\Request), Object(Closure))
#63 C:\xampp\htdocs\laravel\laravel\vendor\laravel\framework\src\Illuminate\Pipeline\Pipeline.php(137): Illuminate\Pipeline\Pipeline->Illuminate\Pipeline\{closure}(Object(Illuminate\Http\Request))
#64 C:\xampp\htdocs\laravel\laravel\vendor\laravel\framework\src\Illuminate\Foundation\Http\Kernel.php(175): Illuminate\Pipeline\Pipeline->then(Object(Closure))
#65 C:\xampp\htdocs\laravel\laravel\vendor\laravel\framework\src\Illuminate\Foundation\Http\Kernel.php(144): Illuminate\Foundation\Http\Kernel->sendRequestThroughRouter(Object(Illuminate\Http\Request))
#66 C:\xampp\htdocs\laravel\laravel\vendor\laravel\framework\src\Illuminate\Foundation\Testing\Concerns\MakesHttpRequests.php(607): Illuminate\Foundation\Http\Kernel->handle(Object(Illuminate\Http\Request))
#67 C:\xampp\htdocs\laravel\laravel\vendor\laravel\framework\src\Illuminate\Foundation\Testing\Concerns\MakesHttpRequests.php(368): Illuminate\Foundation\Testing\TestCase->call('GET', 'http://localhos...', Array, Array, Array, Array)
#68 C:\xampp\htdocs\laravel\laravel\tests\Feature\VisitPreviewTest.php(106): Illuminate\Foundation\Testing\TestCase->get('http://localhos...')
#69 C:\xampp\htdocs\laravel\laravel\vendor\phpunit\phpunit\src\Framework\TestCase.php(1667): Tests\Feature\VisitPreviewTest->test_visit_preview_page_shows_chief_complaint()
#70 C:\xampp\htdocs\laravel\laravel\vendor\phpunit\phpunit\src\Framework\TestCase.php(519): PHPUnit\Framework\TestCase->runTest()
#71 C:\xampp\htdocs\laravel\laravel\vendor\phpunit\phpunit\src\Framework\TestRunner\TestRunner.php(87): PHPUnit\Framework\TestCase->runBare()
#72 C:\xampp\htdocs\laravel\laravel\vendor\phpunit\phpunit\src\Framework\TestCase.php(365): PHPUnit\Framework\TestRunner->run(Object(Tests\Feature\VisitPreviewTest))
#73 C:\xampp\htdocs\laravel\laravel\vendor\phpunit\phpunit\src\Framework\TestSuite.php(369): PHPUnit\Framework\TestCase->run()
#74 C:\xampp\htdocs\laravel\laravel\vendor\phpunit\phpunit\src\Framework\TestSuite.php(369): PHPUnit\Framework\TestSuite->run()
#75 C:\xampp\htdocs\laravel\laravel\vendor\phpunit\phpunit\src\Framework\TestSuite.php(369): PHPUnit\Framework\TestSuite->run()
#76 C:\xampp\htdocs\laravel\laravel\vendor\phpunit\phpunit\src\TextUI\TestRunner.php(64): PHPUnit\Framework\TestSuite->run()
#77 C:\xampp\htdocs\laravel\laravel\vendor\phpunit\phpunit\src\TextUI\Application.php(211): PHPUnit\TextUI\TestRunner->run(Object(PHPUnit\TextUI\Configuration\Configuration), Object(PHPUnit\Runner\ResultCache\DefaultResultCache), Object(PHPUnit\Framework\TestSuite))
#78 C:\xampp\htdocs\laravel\laravel\vendor\phpunit\phpunit\phpunit(104): PHPUnit\TextUI\Application->run(Array)
#79 {main}

----------------------------------------------------------------------------------

Undefined variable $preview (View: C:\xampp\htdocs\laravel\laravel\resources\views\visits\preview.blade.php)

  at tests\Feature\VisitPreviewTest.php:108
    104▕     {
    105▕         $response = $this->actingAs($this->user)
    106▕             ->get(route('admin.visits.preview', $this->visit));
    107▕ 
  ➜ 108▕         $response->assertStatus(200);
    109▕         $response->assertSee('Headache and fever');
    110▕     }
    111▕ 
    112▕     public function test_nonexistent_visit_returns_404(): void

  ────────────────────────────────────────────────────────────────────────────  
   FAILED  Tests\Feature\VisitPreviewTest > timeline include…  QueryException   
  SQLSTATE[23000]: Integrity constraint violation: 19 NOT NULL constraint failed: triages.triaged_by (Connection: sqlite, Database: :memory:, SQL: insert into "triages" ("visit_id", "patient_id", "heart_rate", "temperature", "triaged_at", "updated_at", "created_at") values (1, 1, 82, 37.2, 2026-05-21 13:01:21, 2026-05-21 13:01:21, 2026-05-21 13:01:21))

  at vendor\laravel\framework\src\Illuminate\Database\Connection.php:838
    834▕             $exceptionType = $this->isUniqueConstraintError($e)
    835▕                 ? UniqueConstraintViolationException::class
    836▕                 : QueryException::class;
    837▕ 
  ➜ 838▕             throw new $exceptionType(
    839▕                 $this->getNameWithReadWriteType(),
    840▕                 $query,
    841▕                 $this->prepareBindings($bindings),
    842▕                 $e,

  1   vendor\laravel\framework\src\Illuminate\Database\Connection.php:838

  2   vendor\laravel\framework\src\Illuminate\Database\Connection.php:584
      NunoMaduro\Collision\Exceptions\TestException::("SQLSTATE[23000]: Integrity constraint violation: 19 NOT NULL constraint failed: triages.triaged_by")

  ────────────────────────────────────────────────────────────────────────────  
   FAILED  Tests\Feature\VisitPreviewTest > timeline is sort…  QueryException   
  SQLSTATE[23000]: Integrity constraint violation: 19 NOT NULL constraint failed: triages.triaged_by (Connection: sqlite, Database: :memory:, SQL: insert into "triages" ("visit_id", "patient_id", "heart_rate", "temperature", "triaged_at", "updated_at", "created_at") values (1, 1, 85, 36.6, 2026-05-21 11:01:24, 2026-05-21 13:01:24, 2026-05-21 13:01:24))

  at vendor\laravel\framework\src\Illuminate\Database\Connection.php:838
    834▕             $exceptionType = $this->isUniqueConstraintError($e)
    835▕                 ? UniqueConstraintViolationException::class
    836▕                 : QueryException::class;
    837▕ 
  ➜ 838▕             throw new $exceptionType(
    839▕                 $this->getNameWithReadWriteType(),
    840▕                 $query,
    841▕                 $this->prepareBindings($bindings),
    842▕                 $e,

  1   vendor\laravel\framework\src\Illuminate\Database\Connection.php:838

  2   vendor\laravel\framework\src\Illuminate\Database\Connection.php:584
      NunoMaduro\Collision\Exceptions\TestException::("SQLSTATE[23000]: Integrity constraint violation: 19 NOT NULL constraint failed: triages.triaged_by")


  Tests:    6 failed, 10 passed (17 assertions)
  Duration: 53.66s

